<html>
<body>
<pre>
<h1>µVision Build Log</h1>
<h2>Tool Versions:</h2>
IDE-Version: ¶ÃVision V5.24.2.0
Copyright (C) 2017 ARM Ltd and ARM Germany GmbH. All rights reserved.
License Information: 1 Ã∆π˙ºŒ, 1, LIC=GMZI6-DWF5J-TG27T-RVGRA-6TJ58-DF3F1
 
Tool Versions:
Toolchain:       MDK-ARM Plus  Version: 5.24.1
Toolchain Path:  D:\Keil51\ke5\ARM\ARMCC\Bin
C Compiler:      Armcc.exe V5.06 update 5 (build 528)
Assembler:       Armasm.exe V5.06 update 5 (build 528)
Linker/Locator:  ArmLink.exe V5.06 update 5 (build 528)
Library Manager: ArmAr.exe V5.06 update 5 (build 528)
Hex Converter:   FromElf.exe V5.06 update 5 (build 528)
CPU DLL:         SARMCM3.DLL V5.24.1
Dialog DLL:      DCM.DLL V1.16.0.0
Target DLL:      STLink\ST-LINKIII-KEIL_SWO.dll V3.0.1.0
Dialog DLL:      TCM.DLL V1.32.0.0
 
<h2>Project:</h2>
D:\stm32\∫Û÷√f4  4.0\∫Û÷√f4\USER\WHEELTEC.uvprojx
Project File Date:  04/18/2026

<h2>Output:</h2>
*** Using Compiler 'V5.06 update 5 (build 528)', folder: 'D:\Keil51\ke5\ARM\ARMCC\Bin'
Build target 'WHEELTEC'
compiling app_context.c...
compiling main.c...
compiling app_alarm.c...
compiling app_upload.c...
compiling app_sensor_fusion.c...
compiling stm32f4xx_it.c...
compiling app_esp8266.c...
assembling startup_stm32f40_41xxx.s...
compiling app_init.c...
compiling system_stm32f4xx.c...
compiling misc.c...
compiling stm32f4xx_syscfg.c...
compiling stm32f4xx_gpio.c...
compiling stm32f4xx_rcc.c...
compiling stm32f4xx_usart.c...
compiling stm32f4xx_adc.c...
compiling stm32f4xx_can.c...
compiling stm32f4xx_tim.c...
compiling stm32f4xx_exti.c...
compiling stm32f4xx_pwr.c...
compiling stm32f4xx_i2c.c...
compiling usart2.c...
compiling 4GTX.c...
compiling usart1.c...
compiling LatticeLed.c...
compiling usart3.c...
compiling GPTM0.c...
compiling usart4.c...
compiling usart5.c...
compiling usart6.c...
compiling Radar.c...
compiling HX711.c...
compiling gy95t.c...
compiling HC-SR04.c...
compiling sys.c...
compiling delay.c...
..\SYSTEM\delay\delay.c(87): warning:  #1-D: last line of file ends without a newline
  }
..\SYSTEM\delay\delay.c: 1 warning, 0 errors
linking...
Program Size: Code=15004 RO-data=788 RW-data=260 ZI-data=3180  
FromELF: creating hex file...
"..\OBJ\WHEELTEC.axf" - 0 Error(s), 1 Warning(s).

<h2>Software Packages used:</h2>

Package Vendor: Keil
                https://www.keil.com/pack/Keil.STM32F4xx_DFP.2.17.0.pack
                Keil.STM32F4xx_DFP.2.17.0
                STMicroelectronics STM32F4 Series Device Support, Drivers and Examples

<h2>Collection of Component include folders:</h2>
  .\RTE\_WHEELTEC
  D:\Keil51\ke5\ARM\PACK\Keil\STM32F4xx_DFP\2.17.0\Drivers\CMSIS\Device\ST\STM32F4xx\Include

<h2>Collection of Component Files used:</h2>
Build Time Elapsed:  00:00:04
</pre>
</body>
</html>
