Component: ARM Compiler 5.06 update 5 (build 528) Tool: armlink [4d35e2]

==============================================================================

Section Cross References

    main.o(i.main) refers to app_init.o(i.App_InitSystem) for App_InitSystem
    main.o(i.main) refers to app_sensor_fusion.o(i.App_SampleSensors) for App_SampleSensors
    main.o(i.main) refers to app_sensor_fusion.o(i.App_ProcessRadar) for App_ProcessRadar
    main.o(i.main) refers to app_alarm.o(i.App_UpdateWarningState) for App_UpdateWarningState
    main.o(i.main) refers to app_alarm.o(i.App_ProcessEmergencyAlarm) for App_ProcessEmergencyAlarm
    main.o(i.main) refers to app_upload.o(i.App_ProcessUpload) for App_ProcessUpload
    main.o(i.main) refers to delay.o(i.delay_ms) for delay_ms
    app_init.o(i.App_InitSystem) refers to misc.o(i.NVIC_PriorityGroupConfig) for NVIC_PriorityGroupConfig
    app_init.o(i.App_InitSystem) refers to delay.o(i.delay_init) for delay_init
    app_init.o(i.App_InitSystem) refers to usart1.o(i.USART1_Init) for USART1_Init
    app_init.o(i.App_InitSystem) refers to usart2.o(i.USART2_Init) for USART2_Init
    app_init.o(i.App_InitSystem) refers to usart3.o(i.USART3_Init) for USART3_Init
    app_init.o(i.App_InitSystem) refers to usart5.o(i.UART5_Init) for UART5_Init
    app_init.o(i.App_InitSystem) refers to usart4.o(i.UART4_Init) for UART4_Init
    app_init.o(i.App_InitSystem) refers to usart6.o(i.USART6_Init) for USART6_Init
    app_init.o(i.App_InitSystem) refers to printfa.o(i.__0printf) for __2printf
    app_init.o(i.App_InitSystem) refers to hx711.o(i.Init_HX711pin) for Init_HX711pin
    app_init.o(i.App_InitSystem) refers to delay.o(i.delay_ms) for delay_ms
    app_init.o(i.App_InitSystem) refers to hx711.o(i.Get_Maopi) for Get_Maopi
    app_init.o(i.App_InitSystem) refers to gy95t.o(i.GY95T_Init) for GY95T_Init
    app_init.o(i.App_InitSystem) refers to hc-sr04.o(i.HC_SR04_Init) for HC_SR04_Init
    app_init.o(i.App_InitSystem) refers to hc-sr04.o(i.HC_SR04_Init1) for HC_SR04_Init1
    app_init.o(i.App_InitSystem) refers to latticeled.o(i.LatticeLedInit) for LatticeLedInit
    app_init.o(i.App_InitSystem) refers to latticeled.o(i.LatticeLedCLS) for LatticeLedCLS
    app_init.o(i.App_InitSystem) refers to latticeled.o(i.shansuo) for shansuo
    app_init.o(i.App_InitSystem) refers to latticeled.o(i.mie) for mie
    app_init.o(i.App_InitSystem) refers to 4gtx.o(i.TX_4G_Init) for TX_4G_Init
    app_init.o(i.App_InitSystem) refers to app_esp8266.o(i.ESP8266_Init) for ESP8266_Init
    app_init.o(i.App_InitSystem) refers to app_esp8266.o(i.ESP8266_ConnectWiFi) for ESP8266_ConnectWiFi
    app_init.o(i.App_InitSystem) refers to app_esp8266.o(i.ESP8266_MQTT_Init) for ESP8266_MQTT_Init
    app_init.o(i.App_InitSystem) refers to app_esp8266.o(i.ESP8266_MQTT_Connect) for ESP8266_MQTT_Connect
    app_init.o(i.App_InitSystem) refers to memseta.o(.text) for __aeabi_memclr
    app_init.o(i.App_InitSystem) refers to radar.o(.data) for target_count
    app_init.o(i.App_InitSystem) refers to radar.o(.bss) for targets
    app_init.o(i.App_InitSystem) refers to app_context.o(.bss) for g_app
    app_sensor_fusion.o(i.App_GetCarDirection) refers to radar.o(.data) for target_count
    app_sensor_fusion.o(i.App_GetCarDirection) refers to radar.o(.bss) for targets
    app_sensor_fusion.o(i.App_GetCarDirection) refers to app_context.o(.bss) for g_app
    app_sensor_fusion.o(i.App_GetRadarSpeed) refers to radar.o(.data) for target_count
    app_sensor_fusion.o(i.App_GetRadarSpeed) refers to radar.o(.bss) for targets
    app_sensor_fusion.o(i.App_PrintRadarData) refers to printfa.o(i.__0printf) for __2printf
    app_sensor_fusion.o(i.App_PrintRadarData) refers to radar.o(.data) for radar_alarm
    app_sensor_fusion.o(i.App_PrintRadarData) refers to radar.o(.bss) for targets
    app_sensor_fusion.o(i.App_PrintRadarData) refers to app_sensor_fusion.o(.conststring) for .conststring
    app_sensor_fusion.o(i.App_PrintSensorSnapshot) refers to f2d.o(.text) for __aeabi_f2d
    app_sensor_fusion.o(i.App_PrintSensorSnapshot) refers to printfa.o(i.__0printf) for __2printf
    app_sensor_fusion.o(i.App_PrintSensorSnapshot) refers to app_context.o(.bss) for g_app
    app_sensor_fusion.o(i.App_PrintSensorSnapshot) refers to hx711.o(.data) for Weight_Shiwu2
    app_sensor_fusion.o(i.App_PrintSensorSnapshot) refers to app_sensor_fusion.o(.conststring) for .conststring
    app_sensor_fusion.o(i.App_ProcessRadar) refers to app_sensor_fusion.o(i.App_PrintRadarData) for App_PrintRadarData
    app_sensor_fusion.o(i.App_ProcessRadar) refers to app_sensor_fusion.o(i.App_GetCarDirection) for App_GetCarDirection
    app_sensor_fusion.o(i.App_ProcessRadar) refers to app_sensor_fusion.o(i.App_GetRadarSpeed) for App_GetRadarSpeed
    app_sensor_fusion.o(i.App_ProcessRadar) refers to printfa.o(i.__0printf) for __2printf
    app_sensor_fusion.o(i.App_ProcessRadar) refers to usart6.o(i.Serial6_SendRadarInfo) for Serial6_SendRadarInfo
[...]
    ../clib/microlib/string/memcpy.c         0x00000000   Number         0  memcpyb.o ABSOLUTE
    ../clib/microlib/string/memcpy.c         0x00000000   Number         0  memcpya.o ABSOLUTE
    ../clib/microlib/string/memset.c         0x00000000   Number         0  memseta.o ABSOLUTE
    ../clib/microlib/string/strstr.c         0x00000000   Number         0  strstr.o ABSOLUTE
    ../clib/microlib/stubs.s                 0x00000000   Number         0  iusefp.o ABSOLUTE
    ../fplib/microlib/f2d.c                  0x00000000   Number         0  f2d.o ABSOLUTE
    ../fplib/microlib/fpadd.c                0x00000000   Number         0  dadd.o ABSOLUTE
    ../fplib/microlib/fpdiv.c                0x00000000   Number         0  ddiv.o ABSOLUTE
    ../fplib/microlib/fpepilogue.c           0x00000000   Number         0  depilogue.o ABSOLUTE
    ../fplib/microlib/fpfix.c                0x00000000   Number         0  dfixul.o ABSOLUTE
    ../fplib/microlib/fpmul.c                0x00000000   Number         0  dmul.o ABSOLUTE
    ..\APP\src\app_alarm.c                   0x00000000   Number         0  app_alarm.o ABSOLUTE
    ..\APP\src\app_context.c                 0x00000000   Number         0  app_context.o ABSOLUTE
    ..\APP\src\app_esp8266.c                 0x00000000   Number         0  app_esp8266.o ABSOLUTE
    ..\APP\src\app_init.c                    0x00000000   Number         0  app_init.o ABSOLUTE
    ..\APP\src\app_sensor_fusion.c           0x00000000   Number         0  app_sensor_fusion.o ABSOLUTE
    ..\APP\src\app_upload.c                  0x00000000   Number         0  app_upload.o ABSOLUTE
    ..\APP\src\main.c                        0x00000000   Number         0  main.o ABSOLUTE
    ..\BSP\src\stm32f4xx_it.c                0x00000000   Number         0  stm32f4xx_it.o ABSOLUTE
    ..\BSP\src\system_stm32f4xx.c            0x00000000   Number         0  system_stm32f4xx.o ABSOLUTE
    ..\CORE\startup_stm32f40_41xxx.s         0x00000000   Number         0  startup_stm32f40_41xxx.o ABSOLUTE
    ..\FWLIB\src\misc.c                      0x00000000   Number         0  misc.o ABSOLUTE
    ..\FWLIB\src\stm32f4xx_adc.c             0x00000000   Number         0  stm32f4xx_adc.o ABSOLUTE
    ..\FWLIB\src\stm32f4xx_can.c             0x00000000   Number         0  stm32f4xx_can.o ABSOLUTE
    ..\FWLIB\src\stm32f4xx_exti.c            0x00000000   Number         0  stm32f4xx_exti.o ABSOLUTE
    ..\FWLIB\src\stm32f4xx_gpio.c            0x00000000   Number         0  stm32f4xx_gpio.o ABSOLUTE
    ..\FWLIB\src\stm32f4xx_i2c.c             0x00000000   Number         0  stm32f4xx_i2c.o ABSOLUTE
    ..\FWLIB\src\stm32f4xx_pwr.c             0x00000000   Number         0  stm32f4xx_pwr.o ABSOLUTE
    ..\FWLIB\src\stm32f4xx_rcc.c             0x00000000   Number         0  stm32f4xx_rcc.o ABSOLUTE
    ..\FWLIB\src\stm32f4xx_syscfg.c          0x00000000   Number         0  stm32f4xx_syscfg.o ABSOLUTE
    ..\FWLIB\src\stm32f4xx_tim.c             0x00000000   Number         0  stm32f4xx_tim.o ABSOLUTE
    ..\FWLIB\src\stm32f4xx_usart.c           0x00000000   Number         0  stm32f4xx_usart.o ABSOLUTE
    ..\STM32\comm\4GTX.c                     0x00000000   Number         0  4gtx.o ABSOLUTE
    ..\STM32\display\LatticeLed.c            0x00000000   Number         0  latticeled.o ABSOLUTE
    ..\STM32\drivers\uart\usart1.c           0x00000000   Number         0  usart1.o ABSOLUTE
    ..\STM32\drivers\uart\usart2.c           0x00000000   Number         0  usart2.o ABSOLUTE
    ..\STM32\drivers\uart\usart3.c           0x00000000   Number         0  usart3.o ABSOLUTE
    ..\STM32\drivers\uart\usart4.c           0x00000000   Number         0  usart4.o ABSOLUTE
    ..\STM32\drivers\uart\usart5.c           0x00000000   Number         0  usart5.o ABSOLUTE
    ..\STM32\drivers\uart\usart6.c           0x00000000   Number         0  usart6.o ABSOLUTE
    ..\STM32\sensors\HC-SR04.c               0x00000000   Number         0  hc-sr04.o ABSOLUTE
    ..\STM32\sensors\HX711.c                 0x00000000   Number         0  hx711.o ABSOLUTE
    ..\STM32\sensors\Radar.c                 0x00000000   Number         0  radar.o ABSOLUTE
    ..\STM32\sensors\gy95t.c                 0x00000000   Number         0  gy95t.o ABSOLUTE
    ..\STM32\timer\GPTM0.c                   0x00000000   Number         0  gptm0.o ABSOLUTE
    ..\SYSTEM\delay\delay.c                  0x00000000   Number         0  delay.o ABSOLUTE
    ..\SYSTEM\sys\sys.c                      0x00000000   Number         0  sys.o ABSOLUTE
    ..\\APP\\src\\app_alarm.c                0x00000000   Number         0  app_alarm.o ABSOLUTE
    ..\\APP\\src\\app_context.c              0x00000000   Number         0  app_context.o ABSOLUTE
    ..\\APP\\src\\app_esp8266.c              0x00000000   Number         0  app_esp8266.o ABSOLUTE
    ..\\APP\\src\\app_init.c                 0x00000000   Number         0  app_init.o ABSOLUTE
    ..\\APP\\src\\app_sensor_fusion.c        0x00000000   Number         0  app_sensor_fusion.o ABSOLUTE
    ..\\APP\\src\\app_upload.c               0x00000000   Number         0  app_upload.o ABSOLUTE
    ..\\APP\\src\\main.c                     0x00000000   Number         0  main.o ABSOLUTE
    ..\\BSP\\src\\stm32f4xx_it.c             0x00000000   Number         0  stm32f4xx_it.o ABSOLUTE
    ..\\BSP\\src\\system_stm32f4xx.c         0x00000000   Number         0  system_stm32f4xx.o ABSOLUTE
    ..\\FWLIB\\src\\misc.c                   0x00000000   Number         0  misc.o ABSOLUTE
    ..\\FWLIB\\src\\stm32f4xx_adc.c          0x00000000   Number         0  stm32f4xx_adc.o ABSOLUTE
    ..\\FWLIB\\src\\stm32f4xx_can.c          0x00000000   Number         0  stm32f4xx_can.o ABSOLUTE
    ..\\FWLIB\\src\\stm32f4xx_exti.c         0x00000000   Number         0  stm32f4xx_exti.o ABSOLUTE
    ..\\FWLIB\\src\\stm32f4xx_gpio.c         0x00000000   Number         0  stm32f4xx_gpio.o ABSOLUTE
    ..\\FWLIB\\src\\stm32f4xx_i2c.c          0x00000000   Number         0  stm32f4xx_i2c.o ABSOLUTE
    ..\\FWLIB\\src\\stm32f4xx_pwr.c          0x00000000   Number         0  stm32f4xx_pwr.o ABSOLUTE
    ..\\FWLIB\\src\\stm32f4xx_rcc.c          0x00000000   Number         0  stm32f4xx_rcc.o ABSOLUTE
    ..\\FWLIB\\src\\stm32f4xx_syscfg.c       0x00000000   Number         0  stm32f4xx_syscfg.o ABSOLUTE
    ..\\FWLIB\\src\\stm32f4xx_tim.c          0x00000000   Number         0  stm32f4xx_tim.o ABSOLUTE
    ..\\FWLIB\\src\\stm32f4xx_usart.c        0x00000000   Number         0  stm32f4xx_usart.o ABSOLUTE
    ..\\STM32\\comm\\4GTX.c                  0x00000000   Number         0  4gtx.o ABSOLUTE
    ..\\STM32\\display\\LatticeLed.c         0x00000000   Number         0  latticeled.o ABSOLUTE
    ..\\STM32\\drivers\\uart\\usart1.c       0x00000000   Number         0  usart1.o ABSOLUTE
    ..\\STM32\\drivers\\uart\\usart2.c       0x00000000   Number         0  usart2.o ABSOLUTE
    ..\\STM32\\drivers\\uart\\usart3.c       0x00000000   Number         0  usart3.o ABSOLUTE
    ..\\STM32\\drivers\\uart\\usart4.c       0x00000000   Number         0  usart4.o ABSOLUTE
    ..\\STM32\\drivers\\uart\\usart5.c       0x00000000   Number         0  usart5.o ABSOLUTE
    ..\\STM32\\drivers\\uart\\usart6.c       0x00000000   Number         0  usart6.o ABSOLUTE
    ..\\STM32\\sensors\\HC-SR04.c            0x00000000   Number         0  hc-sr04.o ABSOLUTE
    ..\\STM32\\sensors\\HX711.c              0x00000000   Number         0  hx711.o ABSOLUTE
    ..\\STM32\\sensors\\Radar.c              0x00000000   Number         0  radar.o ABSOLUTE
    ..\\STM32\\sensors\\gy95t.c              0x00000000   Number         0  gy95t.o ABSOLUTE
    ..\\SYSTEM\\delay\\delay.c               0x00000000   Number         0  delay.o ABSOLUTE
    ..\\SYSTEM\\sys\\sys.c                   0x00000000   Number         0  sys.o ABSOLUTE
    cdrcmple.s                               0x00000000   Number         0  cdrcmple.o ABSOLUTE
    dc.s                                     0x00000000   Number         0  dc.o ABSOLUTE
    handlers.s                               0x00000000   Number         0  handlers.o ABSOLUTE
    init.s                                   0x00000000   Number         0  init.o ABSOLUTE
    RESET                                    0x08000000   Section      392  startup_stm32f40_41xxx.o(RESET)
    .ARM.Collect$$$$00000000                 0x08000188   Section        0  entry.o(.ARM.Collect$$$$00000000)
    .ARM.Collect$$$$00000001                 0x08000188   Section        4  entry2.o(.ARM.Collect$$$$00000001)
    .ARM.Collect$$$$00000004                 0x0800018c   Section        4  entry5.o(.ARM.Collect$$$$00000004)
    .ARM.Collect$$$$00000008                 0x08000190   Section        0  entry7b.o(.ARM.Collect$$$$00000008)
    .ARM.Collect$$$$0000000A                 0x08000190   Section        0  entry8b.o(.ARM.Collect$$$$0000000A)
    .ARM.Collect$$$$0000000B                 0x08000190   Section        8  entry9a.o(.ARM.Collect$$$$0000000B)
    .ARM.Collect$$$$0000000D                 0x08000198   Section        0  entry10a.o(.ARM.Collect$$$$0000000D)
    .ARM.Collect$$$$0000000F                 0x08000198   Section        0  entry11a.o(.ARM.Collect$$$$0000000F)
    .ARM.Collect$$$$00002712                 0x08000198   Section        4  entry2.o(.ARM.Collect$$$$00002712)
    __lit__00000000                          0x08000198   Data           4  entry2.o(.ARM.Collect$$$$00002712)
    .text                                    0x0800019c   Section       36  startup_stm32f40_41xxx.o(.text)
    $v0                                      0x0800019c   Number         0  startup_stm32f40_41xxx.o(.text)
    .text                                    0x080001c0   Section        0  memcpya.o(.text)
    .text                                    0x080001e4   Section        0  memseta.o(.text)
    .text                                    0x08000208   Section        0  strstr.o(.text)
    .text                                    0x0800022c   Section        0  f2d.o(.text)
    .text                                    0x08000252   Section        0  uidiv.o(.text)
    .text                                    0x0800027e   Section        0  uldiv.o(.text)
    .text                                    0x080002e0   Section        0  dadd.o(.text)
    .text                                    0x080002e0   Section        0  iusefp.o(.text)
    .text                                    0x0800042e   Section        0  dmul.o(.text)
    .text                                    0x08000512   Section        0  ddiv.o(.text)
    .text                                    0x080005f0   Section        0  dfixul.o(.text)
    .text                                    0x08000620   Section       48  cdrcmple.o(.text)
    .text                                    0x08000650   Section       36  init.o(.text)
    .text                                    0x08000674   Section        0  llshl.o(.text)
    .text                                    0x08000692   Section        0  llushr.o(.text)
    .text                                    0x080006b2   Section        0  llsshr.o(.text)
    .text                                    0x080006d6   Section        0  depilogue.o(.text)
    i.App_GetCarDirection                    0x08000790   Section        0  app_sensor_fusion.o(i.App_GetCarDirection)
    App_GetCarDirection                      0x08000791   Thumb Code    68  app_sensor_fusion.o(i.App_GetCarDirection)
    i.App_GetRadarSpeed                      0x080007e0   Section        0  app_sensor_fusion.o(i.App_GetRadarSpeed)
    i.App_InitSystem                         0x08000804   Section        0  app_init.o(i.App_InitSystem)
    i.App_PrintRadarData                     0x08000bcc   Section        0  app_sensor_fusion.o(i.App_PrintRadarData)
    App_PrintRadarData                       0x08000bcd   Thumb Code    92  app_sensor_fusion.o(i.App_PrintRadarData)
    i.App_PrintSensorSnapshot                0x08000c78   Section        0  app_sensor_fusion.o(i.App_PrintSensorSnapshot)
    App_PrintSensorSnapshot                  0x08000c79   Thumb Code   164  app_sensor_fusion.o(i.App_PrintSensorSnapshot)
    i.App_ProcessEmergencyAlarm              0x08000d34   Section        0  app_alarm.o(i.App_ProcessEmergencyAlarm)
    i.App_ProcessRadar                       0x08000dcc   Section        0  app_sensor_fusion.o(i.App_ProcessRadar)
    i.App_ProcessUpload                      0x08000e74   Section        0  app_upload.o(i.App_ProcessUpload)
    i.App_SampleSensors                      0x08000f10   Section        0  app_sensor_fusion.o(i.App_SampleSensors)
    i.App_UpdateTurnIndicator                0x08000f68   Section        0  app_sensor_fusion.o(i.App_UpdateTurnIndicator)
    App_UpdateTurnIndicator                  0x08000f69   Thumb Code   232  app_sensor_fusion.o(i.App_UpdateTurnIndicator)
    i.App_UpdateWarningState                 0x080010b0   Section        0  app_alarm.o(i.App_UpdateWarningState)
    i.BusFault_Handler                       0x08001118   Section        0  stm32f4xx_it.o(i.BusFault_Handler)
    i.DebugMon_Handler                       0x0800111a   Section        0  stm32f4xx_it.o(i.DebugMon_Handler)
    i.ESP8266_ConnectWiFi                    0x0800111c   Section        0  app_esp8266.o(i.ESP8266_ConnectWiFi)
    i.ESP8266_Init                           0x080011a0   Section        0  app_esp8266.o(i.ESP8266_Init)
    i.ESP8266_MQTT_Connect                   0x0800129c   Section        0  app_esp8266.o(i.ESP8266_MQTT_Connect)
    i.ESP8266_MQTT_Init                      0x08001324   Section        0  app_esp8266.o(i.ESP8266_MQTT_Init)
    i.ESP8266_SendATCommand                  0x08001400   Section        0  app_esp8266.o(i.ESP8266_SendATCommand)
    ESP8266_SendATCommand                    0x08001401   Thumb Code    62  app_esp8266.o(i.ESP8266_SendATCommand)
    i.EXTI15_10_IRQHandler                   0x0800147c   Section        0  hc-sr04.o(i.EXTI15_10_IRQHandler)
    i.EXTI_ClearITPendingBit                 0x0800159c   Section        0  stm32f4xx_exti.o(i.EXTI_ClearITPendingBit)
    i.EXTI_GetITStatus                       0x080015a8   Section        0  stm32f4xx_exti.o(i.EXTI_GetITStatus)
    i.EXTI_Init                              0x080015bc   Section        0  stm32f4xx_exti.o(i.EXTI_Init)
    i.GPIO_Configuration                     0x0800162c   Section        0  latticeled.o(i.GPIO_Configuration)
    i.GPIO_Init                              0x08001674   Section        0  stm32f4xx_gpio.o(i.GPIO_Init)
    i.GPIO_PinAFConfig                       0x080016ec   Section        0  stm32f4xx_gpio.o(i.GPIO_PinAFConfig)
    i.GPIO_ReadInputDataBit                  0x0800170c   Section        0  stm32f4xx_gpio.o(i.GPIO_ReadInputDataBit)
    i.GPIO_ResetBits                         0x0800171a   Section        0  stm32f4xx_gpio.o(i.GPIO_ResetBits)
    i.GPIO_SetBits                           0x0800171e   Section        0  stm32f4xx_gpio.o(i.GPIO_SetBits)
    i.GY95T_GetPitch                         0x08001724   Section        0  gy95t.o(i.GY95T_GetPitch)
    i.GY95T_GetRoll                          0x08001730   Section        0  gy95t.o(i.GY95T_GetRoll)
    i.GY95T_GetYaw                           0x08001750   Section        0  gy95t.o(i.GY95T_GetYaw)
    i.GY95T_Init                             0x0800175c   Section        0  gy95t.o(i.GY95T_Init)
    i.GY95T_ProcessData                      0x0800179c   Section        0  gy95t.o(i.GY95T_ProcessData)
    i.GY95T_ReadLatest                       0x0800180c   Section        0  gy95t.o(i.GY95T_ReadLatest)
    i.GY95T_SendCommand                      0x08001848   Section        0  gy95t.o(i.GY95T_SendCommand)
    GY95T_SendCommand                        0x08001849   Thumb Code    74  gy95t.o(i.GY95T_SendCommand)
    i.Get_Maopi                              0x080018a0   Section        0  hx711.o(i.Get_Maopi)
    i.Get_Weight                             0x080018bc   Section        0  hx711.o(i.Get_Weight)
    i.HC_SR04_Compute                        0x08001958   Section        0  hc-sr04.o(i.HC_SR04_Compute)
    i.HC_SR04_Compute1                       0x080019e8   Section        0  hc-sr04.o(i.HC_SR04_Compute1)
    i.HC_SR04_FinalizeDistance               0x08001a78   Section        0  hc-sr04.o(i.HC_SR04_FinalizeDistance)
    HC_SR04_FinalizeDistance                 0x08001a79   Thumb Code    48  hc-sr04.o(i.HC_SR04_FinalizeDistance)
    i.HC_SR04_Init                           0x08001aa8   Section        0  hc-sr04.o(i.HC_SR04_Init)
    i.HC_SR04_Init1                          0x08001b44   Section        0  hc-sr04.o(i.HC_SR04_Init1)
    i.HC_SR04_TIM_Init                       0x08001bdc   Section        0  hc-sr04.o(i.HC_SR04_TIM_Init)
    i.HX711_Read                             0x08001c6c   Section        0  hx711.o(i.HX711_Read)
    i.HX711_Read1                            0x08001d0c   Section        0  hx711.o(i.HX711_Read1)
    i.HX711_Read2                            0x08001db0   Section        0  hx711.o(i.HX711_Read2)
    i.HardFault_Handler                      0x08001e50   Section        0  stm32f4xx_it.o(i.HardFault_Handler)
    i.Init_HX711pin                          0x08001e54   Section        0  hx711.o(i.Init_HX711pin)
    i.LatticeLedAllOff                       0x08001f24   Section        0  latticeled.o(i.LatticeLedAllOff)
    i.LatticeLedAllOn                        0x08001f8c   Section        0  latticeled.o(i.LatticeLedAllOn)
    i.LatticeLedCLS                          0x08001ff4   Section        0  latticeled.o(i.LatticeLedCLS)
    i.LatticeLedInit                         0x08002010   Section        0  latticeled.o(i.LatticeLedInit)
    i.LatticeLedShowIdle                     0x08002090   Section        0  latticeled.o(i.LatticeLedShowIdle)
    i.LatticeLedShowLeftArrow                0x08002094   Section        0  latticeled.o(i.LatticeLedShowLeftArrow)
    i.LatticeLedShowRightArrow               0x080020a8   Section        0  latticeled.o(i.LatticeLedShowRightArrow)
    i.LatticeLedUpdateSpecificChips          0x080020bc   Section        0  latticeled.o(i.LatticeLedUpdateSpecificChips)
    i.LatticeLedWrite_byte                   0x0800213c   Section        0  latticeled.o(i.LatticeLedWrite_byte)
    i.LatticeLed_Write_Command               0x08002184   Section        0  latticeled.o(i.LatticeLed_Write_Command)
    i.Max7219_Lock                           0x080021b0   Section        0  latticeled.o(i.Max7219_Lock)
    i.MemManage_Handler                      0x080021d0   Section        0  stm32f4xx_it.o(i.MemManage_Handler)
    i.NMI_Handler                            0x080021d2   Section        0  stm32f4xx_it.o(i.NMI_Handler)
    i.NVIC_Init                              0x080021d4   Section        0  misc.o(i.NVIC_Init)
    i.NVIC_PriorityGroupConfig               0x08002238   Section        0  misc.o(i.NVIC_PriorityGroupConfig)
    i.ParseRadarFrame                        0x0800224c   Section        0  radar.o(i.ParseRadarFrame)
    ParseRadarFrame                          0x0800224d   Thumb Code   130  radar.o(i.ParseRadarFrame)
    i.RCC_AHB1PeriphClockCmd                 0x080022d8   Section        0  stm32f4xx_rcc.o(i.RCC_AHB1PeriphClockCmd)
    i.RCC_APB1PeriphClockCmd                 0x080022f0   Section        0  stm32f4xx_rcc.o(i.RCC_APB1PeriphClockCmd)
    i.RCC_APB2PeriphClockCmd                 0x08002308   Section        0  stm32f4xx_rcc.o(i.RCC_APB2PeriphClockCmd)
    i.RCC_GetClocksFreq                      0x08002320   Section        0  stm32f4xx_rcc.o(i.RCC_GetClocksFreq)
    i.Radar_10msTask                         0x080023b0   Section        0  radar.o(i.Radar_10msTask)
    i.Radar_GetAvailableBytes                0x08002474   Section        0  usart2.o(i.Radar_GetAvailableBytes)
    i.Radar_GetBufferData                    0x08002498   Section        0  usart2.o(i.Radar_GetBufferData)
    i.SYSCFG_EXTILineConfig                  0x080024d4   Section        0  stm32f4xx_syscfg.o(i.SYSCFG_EXTILineConfig)
    i.Serial1_SendByte                       0x08002504   Section        0  usart1.o(i.Serial1_SendByte)
    i.Serial1_SendString                     0x08002524   Section        0  usart1.o(i.Serial1_SendString)
    i.Serial6_SendArray                      0x08002538   Section        0  usart6.o(i.Serial6_SendArray)
    i.Serial6_SendByte                       0x08002554   Section        0  usart6.o(i.Serial6_SendByte)
    i.Serial6_SendPacket                     0x08002574   Section        0  usart6.o(i.Serial6_SendPacket)
    i.Serial6_SendRadarInfo                  0x08002592   Section        0  usart6.o(i.Serial6_SendRadarInfo)
    i.SetSysClock                            0x080025bc   Section        0  system_stm32f4xx.o(i.SetSysClock)
    SetSysClock                              0x080025bd   Thumb Code   162  system_stm32f4xx.o(i.SetSysClock)
    i.StartWrite                             0x08002670   Section        0  latticeled.o(i.StartWrite)
    i.StopWrite                              0x08002680   Section        0  latticeled.o(i.StopWrite)
    i.SysTick_Handler                        0x08002690   Section        0  delay.o(i.SysTick_Handler)
    i.SystemInit                             0x080026a0   Section        0  system_stm32f4xx.o(i.SystemInit)
    i.TIM4_IRQHandler                        0x080026fc   Section        0  hc-sr04.o(i.TIM4_IRQHandler)
    i.TIM5_IRQHandler                        0x0800272c   Section        0  hc-sr04.o(i.TIM5_IRQHandler)
    i.TIM_ClearFlag                          0x0800275c   Section        0  stm32f4xx_tim.o(i.TIM_ClearFlag)
    i.TIM_ClearITPendingBit                  0x08002762   Section        0  stm32f4xx_tim.o(i.TIM_ClearITPendingBit)
    i.TIM_Cmd                                0x08002768   Section        0  stm32f4xx_tim.o(i.TIM_Cmd)
    i.TIM_GetCounter                         0x0800277c   Section        0  stm32f4xx_tim.o(i.TIM_GetCounter)
    i.TIM_GetITStatus                        0x08002780   Section        0  stm32f4xx_tim.o(i.TIM_GetITStatus)
    i.TIM_ITConfig                           0x08002798   Section        0  stm32f4xx_tim.o(i.TIM_ITConfig)
    i.TIM_SetCounter                         0x080027a8   Section        0  stm32f4xx_tim.o(i.TIM_SetCounter)
    i.TIM_TimeBaseInit                       0x080027ac   Section        0  stm32f4xx_tim.o(i.TIM_TimeBaseInit)
    i.TX_4G_Init                             0x08002828   Section        0  4gtx.o(i.TX_4G_Init)
    i.TX_Call_phone                          0x0800291c   Section        0  4gtx.o(i.TX_Call_phone)
    i.TX_SendMssage                          0x08002960   Section        0  4gtx.o(i.TX_SendMssage)
    i.UART4_IRQHandler                       0x08002a0c   Section        0  usart4.o(i.UART4_IRQHandler)
    i.UART4_Init                             0x08002a90   Section        0  usart4.o(i.UART4_Init)
    i.UART5_IRQHandler                       0x08002b3c   Section        0  usart5.o(i.UART5_IRQHandler)
    i.UART5_Init                             0x08002b88   Section        0  usart5.o(i.UART5_Init)
    i.UART5_SendByte                         0x08002c54   Section        0  usart5.o(i.UART5_SendByte)
    i.USART1_Init                            0x08002c74   Section        0  usart1.o(i.USART1_Init)
    i.USART2_IRQHandler                      0x08002cfc   Section        0  usart2.o(i.USART2_IRQHandler)
    i.USART2_Init                            0x08002d3c   Section        0  usart2.o(i.USART2_Init)
    i.USART3_ClearBuffer                     0x08002e08   Section        0  usart3.o(i.USART3_ClearBuffer)
    i.USART3_IRQHandler                      0x08002e24   Section        0  usart3.o(i.USART3_IRQHandler)
    i.USART3_Init                            0x08002e74   Section        0  usart3.o(i.USART3_Init)
    i.USART3_SendByte                        0x08002f24   Section        0  usart3.o(i.USART3_SendByte)
    i.USART3_SendCmd                         0x08002f44   Section        0  usart3.o(i.USART3_SendCmd)
    i.USART3_SendString                      0x08002f58   Section        0  usart3.o(i.USART3_SendString)
    i.USART3_WaitFor                         0x08002f6c   Section        0  usart3.o(i.USART3_WaitFor)
    i.USART6_Init                            0x08002f9c   Section        0  usart6.o(i.USART6_Init)
    i.USART_ClearITPendingBit                0x0800302c   Section        0  stm32f4xx_usart.o(i.USART_ClearITPendingBit)
    i.USART_Cmd                              0x08003038   Section        0  stm32f4xx_usart.o(i.USART_Cmd)
    i.USART_GetFlagStatus                    0x0800304c   Section        0  stm32f4xx_usart.o(i.USART_GetFlagStatus)
    i.USART_GetITStatus                      0x0800305a   Section        0  stm32f4xx_usart.o(i.USART_GetITStatus)
    i.USART_ITConfig                         0x08003098   Section        0  stm32f4xx_usart.o(i.USART_ITConfig)
    i.USART_Init                             0x080030c8   Section        0  stm32f4xx_usart.o(i.USART_Init)
    i.USART_ReceiveData                      0x08003174   Section        0  stm32f4xx_usart.o(i.USART_ReceiveData)
    i.USART_SendData                         0x0800317c   Section        0  stm32f4xx_usart.o(i.USART_SendData)
    i.UsageFault_Handler                     0x08003184   Section        0  stm32f4xx_it.o(i.UsageFault_Handler)
    i.__0printf                              0x08003188   Section        0  printfa.o(i.__0printf)
    i.__0sprintf                             0x080031a8   Section        0  printfa.o(i.__0sprintf)
    i.__scatterload_copy                     0x080031d0   Section       14  handlers.o(i.__scatterload_copy)
    i.__scatterload_null                     0x080031de   Section        2  handlers.o(i.__scatterload_null)
    i.__scatterload_zeroinit                 0x080031e0   Section       14  handlers.o(i.__scatterload_zeroinit)
    i._fp_digits                             0x080031f0   Section        0  printfa.o(i._fp_digits)
    _fp_digits                               0x080031f1   Thumb Code   366  printfa.o(i._fp_digits)
    i._printf_core                           0x08003374   Section        0  printfa.o(i._printf_core)
    _printf_core                             0x08003375   Thumb Code  1744  printfa.o(i._printf_core)
    i._printf_post_padding                   0x08003a50   Section        0  printfa.o(i._printf_post_padding)
    _printf_post_padding                     0x08003a51   Thumb Code    36  printfa.o(i._printf_post_padding)
    i._printf_pre_padding                    0x08003a74   Section        0  printfa.o(i._printf_pre_padding)
    _printf_pre_padding                      0x08003a75   Thumb Code    46  printfa.o(i._printf_pre_padding)
    i._sputc                                 0x08003aa2   Section        0  printfa.o(i._sputc)
    _sputc                                   0x08003aa3   Thumb Code    10  printfa.o(i._sputc)
    i.delay_init                             0x08003aac   Section        0  delay.o(i.delay_init)
    i.delay_ms                               0x08003ae8   Section        0  delay.o(i.delay_ms)
    i.delay_us                               0x08003b1c   Section        0  delay.o(i.delay_us)
    i.fputc                                  0x08003b50   Section        0  usart5.o(i.fputc)
    i.lian                                   0x08003b5e   Section        0  latticeled.o(i.lian)
    i.main                                   0x08003b94   Section        0  main.o(i.main)
    i.mie                                    0x08003bb4   Section        0  latticeled.o(i.mie)
    i.qiujiu                                 0x08003bea   Section        0  4gtx.o(i.qiujiu)
    i.shansuo                                0x08003c04   Section        0  latticeled.o(i.shansuo)
    .conststring                             0x08003c24   Section      169  app_sensor_fusion.o(.conststring)
    .conststring                             0x08003cd0   Section       68  app_upload.o(.conststring)
    .conststring                             0x08003d14   Section      122  app_esp8266.o(.conststring)
    .data                                    0x20000000   Section       16  stm32f4xx_rcc.o(.data)
    APBAHBPrescTable                         0x20000000   Data          16  stm32f4xx_rcc.o(.data)
    .data                                    0x20000010   Section      137  latticeled.o(.data)
    .data                                    0x2000009a   Section        4  usart2.o(.data)
    Radar_rx_index                           0x2000009a   Data           2  usart2.o(.data)
    Radar_rx_start_index                     0x2000009c   Data           2  usart2.o(.data)
    .data                                    0x2000009e   Section        2  usart3.o(.data)
    usart3_rx_cnt                            0x2000009e   Data           2  usart3.o(.data)
    .data                                    0x200000a0   Section        3  usart4.o(.data)
    frame_index                              0x200000a1   Data           1  usart4.o(.data)
    frame_length                             0x200000a2   Data           1  usart4.o(.data)
    .data                                    0x200000a4   Section        2  usart5.o(.data)
    uart5_rx_len                             0x200000a4   Data           2  usart5.o(.data)
    .data                                    0x200000a6   Section        8  gy95t.o(.data)
    data_ready                               0x200000a6   Data           1  gy95t.o(.data)
    last_reliable_roll                       0x200000a8   Data           2  gy95t.o(.data)
    last_reliable_pitch                      0x200000aa   Data           2  gy95t.o(.data)
    last_reliable_yaw                        0x200000ac   Data           2  gy95t.o(.data)
    .data                                    0x200000b0   Section       24  hc-sr04.o(.data)
    echo_active                              0x200000b0   Data           1  hc-sr04.o(.data)
    echo_active1                             0x200000b1   Data           1  hc-sr04.o(.data)
    invalid_count                            0x200000b2   Data           1  hc-sr04.o(.data)
    invalid_count1                           0x200000b3   Data           1  hc-sr04.o(.data)
    last_distance                            0x200000c0   Data           4  hc-sr04.o(.data)
    last_distance1                           0x200000c4   Data           4  hc-sr04.o(.data)
    .data                                    0x200000c8   Section       36  hx711.o(.data)
    .data                                    0x200000ec   Section       12  radar.o(.data)
    parse_state                              0x200000ee   Data           1  radar.o(.data)
    parse_idx                                0x200000f0   Data           2  radar.o(.data)
    frame_counter                            0x200000f4   Data           4  radar.o(.data)
    .data                                    0x200000f8   Section        8  delay.o(.data)
    fac_us                                   0x200000f8   Data           1  delay.o(.data)
    fac_ms                                   0x200000fa   Data           2  delay.o(.data)
    sysTickCnt                               0x200000fc   Data           4  delay.o(.data)
    .data                                    0x20000100   Section        4  stdout.o(.data)
    .bss                                     0x20000104   Section       36  app_context.o(.bss)
    .bss                                     0x20000128   Section      512  usart2.o(.bss)
    Radar_rx_buffer                          0x20000128   Data         512  usart2.o(.bss)
    .bss                                     0x20000328   Section      512  usart3.o(.bss)
    usart3_rx_buf                            0x20000328   Data         512  usart3.o(.bss)
    .bss                                     0x20000528   Section      140  usart4.o(.bss)
    frame_buffer                             0x20000528   Data          40  usart4.o(.bss)
    .bss                                     0x200005b4   Section      512  usart5.o(.bss)
    uart5_rx_buffer                          0x200005b4   Data         512  usart5.o(.bss)
    .bss                                     0x200007b4   Section       27  gy95t.o(.bss)
    sensor_data                              0x200007b4   Data          27  gy95t.o(.bss)
    .bss                                     0x200007d0   Section      416  radar.o(.bss)
    tmp_buffer                               0x20000870   Data         256  radar.o(.bss)
    STACK                                    0x20000970   Section     1024  startup_stm32f40_41xxx.o(STACK)

    Global Symbols

    Symbol Name                              Value     Ov Type        Size  Object(Section)

    BuildAttributes$$THM_ISAv4$E$P$D$K$B$S$7EM$VFPi3$EXTD16$VFPS$VFMA$PE$A:L22UL41UL21$X:L11$S22US41US21$IEEE1$IW$USESV6$~STKCKD$USESV7$~SHL$OSPACE$ROPI$EBA8$MICROLIB$REQ8$PRES8$EABIv2 0x00000000   Number         0  anon$$obj.o ABSOLUTE
    __ARM_use_no_argv                        0x00000000   Number         0  main.o ABSOLUTE
    _printf_a                                0x00000000   Number         0  stubs.o ABSOLUTE
    _printf_c                                0x00000000   Number         0  stubs.o ABSOLUTE
    _printf_charcount                        0x00000000   Number         0  stubs.o ABSOLUTE
    _printf_d                                0x00000000   Number         0  stubs.o ABSOLUTE
    _printf_e                                0x00000000   Number         0  stubs.o ABSOLUTE
    _printf_f                                0x00000000   Number         0  stubs.o ABSOLUTE
    _printf_flags                            0x00000000   Number         0  stubs.o ABSOLUTE
    _printf_fp_dec                           0x00000000   Number         0  stubs.o ABSOLUTE
    _printf_fp_hex                           0x00000000   Number         0  stubs.o ABSOLUTE
    _printf_g                                0x00000000   Number         0  stubs.o ABSOLUTE
    _printf_i                                0x00000000   Number         0  stubs.o ABSOLUTE
    _printf_int_dec                          0x00000000   Number         0  stubs.o ABSOLUTE
    _printf_l                                0x00000000   Number         0  stubs.o ABSOLUTE
    _printf_lc                               0x00000000   Number         0  stubs.o ABSOLUTE
    _printf_ll                               0x00000000   Number         0  stubs.o ABSOLUTE
    _printf_lld                              0x00000000   Number         0  stubs.o ABSOLUTE
    _printf_lli                              0x00000000   Number         0  stubs.o ABSOLUTE
    _printf_llo                              0x00000000   Number         0  stubs.o ABSOLUTE
    _printf_llu                              0x00000000   Number         0  stubs.o ABSOLUTE
    _printf_llx                              0x00000000   Number         0  stubs.o ABSOLUTE
    _printf_longlong_dec                     0x00000000   Number         0  stubs.o ABSOLUTE
    _printf_longlong_hex                     0x00000000   Number         0  stubs.o ABSOLUTE
    _printf_longlong_oct                     0x00000000   Number         0  stubs.o ABSOLUTE
    _printf_ls                               0x00000000   Number         0  stubs.o ABSOLUTE
    _printf_mbtowc                           0x00000000   Number         0  stubs.o ABSOLUTE
    _printf_n                                0x00000000   Number         0  stubs.o ABSOLUTE
    _printf_o                                0x00000000   Number         0  stubs.o ABSOLUTE
    _printf_p                                0x00000000   Number         0  stubs.o ABSOLUTE
    _printf_percent                          0x00000000   Number         0  stubs.o ABSOLUTE
    _printf_pre_padding                      0x00000000   Number         0  stubs.o ABSOLUTE
    _printf_return_value                     0x00000000   Number         0  stubs.o ABSOLUTE
    _printf_s                                0x00000000   Number         0  stubs.o ABSOLUTE
    _printf_sizespec                         0x00000000   Number         0  stubs.o ABSOLUTE
    _printf_str                              0x00000000   Number         0  stubs.o ABSOLUTE
    _printf_truncate_signed                  0x00000000   Number         0  stubs.o ABSOLUTE
    _printf_truncate_unsigned                0x00000000   Number         0  stubs.o ABSOLUTE
    _printf_u                                0x00000000   Number         0  stubs.o ABSOLUTE
    _printf_wc                               0x00000000   Number         0  stubs.o ABSOLUTE
    _printf_wctomb                           0x00000000   Number         0  stubs.o ABSOLUTE
    _printf_widthprec                        0x00000000   Number         0  stubs.o ABSOLUTE
    _printf_x                                0x00000000   Number         0  stubs.o ABSOLUTE
    __cpp_initialize__aeabi_                  - Undefined Weak Reference
    __cxa_finalize                            - Undefined Weak Reference
    __decompress                              - Undefined Weak Reference
    _clock_init                               - Undefined Weak Reference
    _microlib_exit                            - Undefined Weak Reference
    __Vectors_Size                           0x00000188   Number         0  startup_stm32f40_41xxx.o ABSOLUTE
    __Vectors                                0x08000000   Data           4  startup_stm32f40_41xxx.o(RESET)
    __Vectors_End                            0x08000188   Data           0  startup_stm32f40_41xxx.o(RESET)
    __main                                   0x08000189   Thumb Code     0  entry.o(.ARM.Collect$$$$00000000)
    _main_stk                                0x08000189   Thumb Code     0  entry2.o(.ARM.Collect$$$$00000001)
    _main_scatterload                        0x0800018d   Thumb Code     0  entry5.o(.ARM.Collect$$$$00000004)
    __main_after_scatterload                 0x08000191   Thumb Code     0  entry5.o(.ARM.Collect$$$$00000004)
    _main_clock                              0x08000191   Thumb Code     0  entry7b.o(.ARM.Collect$$$$00000008)
    _main_cpp_init                           0x08000191   Thumb Code     0  entry8b.o(.ARM.Collect$$$$0000000A)
    _main_init                               0x08000191   Thumb Code     0  entry9a.o(.ARM.Collect$$$$0000000B)
    __rt_final_cpp                           0x08000199   Thumb Code     0  entry10a.o(.ARM.Collect$$$$0000000D)
    __rt_final_exit                          0x08000199   Thumb Code     0  entry11a.o(.ARM.Collect$$$$0000000F)
    Reset_Handler                            0x0800019d   Thumb Code     8  startup_stm32f40_41xxx.o(.text)
    SVC_Handler                              0x080001af   Thumb Code     2  startup_stm32f40_41xxx.o(.text)
    PendSV_Handler                           0x080001b3   Thumb Code     2  startup_stm32f40_41xxx.o(.text)
    ADC_IRQHandler                           0x080001b7   Thumb Code     0  startup_stm32f40_41xxx.o(.text)
    CAN1_RX0_IRQHandler                      0x080001b7   Thumb Code     0  startup_stm32f40_41xxx.o(.text)
    CAN1_RX1_IRQHandler                      0x080001b7   Thumb Code     0  startup_stm32f40_41xxx.o(.text)
    CAN1_SCE_IRQHandler                      0x080001b7   Thumb Code     0  startup_stm32f40_41xxx.o(.text)
    CAN1_TX_IRQHandler                       0x080001b7   Thumb Code     0  startup_stm32f40_41xxx.o(.text)
    CAN2_RX0_IRQHandler                      0x080001b7   Thumb Code     0  startup_stm32f40_41xxx.o(.text)
    CAN2_RX1_IRQHandler                      0x080001b7   Thumb Code     0  startup_stm32f40_41xxx.o(.text)
    CAN2_SCE_IRQHandler                      0x080001b7   Thumb Code     0  startup_stm32f40_41xxx.o(.text)
    CAN2_TX_IRQHandler                       0x080001b7   Thumb Code     0  startup_stm32f40_41xxx.o(.text)
    CRYP_IRQHandler                          0x080001b7   Thumb Code     0  startup_stm32f40_41xxx.o(.text)
    DCMI_IRQHandler                          0x080001b7   Thumb Code     0  startup_stm32f40_41xxx.o(.text)
    DMA1_Stream0_IRQHandler                  0x080001b7   Thumb Code     0  startup_stm32f40_41xxx.o(.text)
    DMA1_Stream1_IRQHandler                  0x080001b7   Thumb Code     0  startup_stm32f40_41xxx.o(.text)
    DMA1_Stream2_IRQHandler                  0x080001b7   Thumb Code     0  startup_stm32f40_41xxx.o(.text)
    DMA1_Stream3_IRQHandler                  0x080001b7   Thumb Code     0  startup_stm32f40_41xxx.o(.text)
    DMA1_Stream4_IRQHandler                  0x080001b7   Thumb Code     0  startup_stm32f40_41xxx.o(.text)
    DMA1_Stream5_IRQHandler                  0x080001b7   Thumb Code     0  startup_stm32f40_41xxx.o(.text)
    DMA1_Stream6_IRQHandler                  0x080001b7   Thumb Code     0  startup_stm32f40_41xxx.o(.text)
    DMA1_Stream7_IRQHandler                  0x080001b7   Thumb Code     0  startup_stm32f40_41xxx.o(.text)
    DMA2_Stream0_IRQHandler                  0x080001b7   Thumb Code     0  startup_stm32f40_41xxx.o(.text)
    DMA2_Stream1_IRQHandler                  0x080001b7   Thumb Code     0  startup_stm32f40_41xxx.o(.text)
    DMA2_Stream2_IRQHandler                  0x080001b7   Thumb Code     0  startup_stm32f40_41xxx.o(.text)
    DMA2_Stream3_IRQHandler                  0x080001b7   Thumb Code     0  startup_stm32f40_41xxx.o(.text)
    DMA2_Stream4_IRQHandler                  0x080001b7   Thumb Code     0  startup_stm32f40_41xxx.o(.text)
    DMA2_Stream5_IRQHandler                  0x080001b7   Thumb Code     0  startup_stm32f40_41xxx.o(.text)
    DMA2_Stream6_IRQHandler                  0x080001b7   Thumb Code     0  startup_stm32f40_41xxx.o(.text)
    DMA2_Stream7_IRQHandler                  0x080001b7   Thumb Code     0  startup_stm32f40_41xxx.o(.text)
    ETH_IRQHandler                           0x080001b7   Thumb Code     0  startup_stm32f40_41xxx.o(.text)
    ETH_WKUP_IRQHandler                      0x080001b7   Thumb Code     0  startup_stm32f40_41xxx.o(.text)
    EXTI0_IRQHandler                         0x080001b7   Thumb Code     0  startup_stm32f40_41xxx.o(.text)
    EXTI1_IRQHandler                         0x080001b7   Thumb Code     0  startup_stm32f40_41xxx.o(.text)
    EXTI2_IRQHandler                         0x080001b7   Thumb Code     0  startup_stm32f40_41xxx.o(.text)
    EXTI3_IRQHandler                         0x080001b7   Thumb Code     0  startup_stm32f40_41xxx.o(.text)
    EXTI4_IRQHandler                         0x080001b7   Thumb Code     0  startup_stm32f40_41xxx.o(.text)
    EXTI9_5_IRQHandler                       0x080001b7   Thumb Code     0  startup_stm32f40_41xxx.o(.text)
    FLASH_IRQHandler                         0x080001b7   Thumb Code     0  startup_stm32f40_41xxx.o(.text)
    FPU_IRQHandler                           0x080001b7   Thumb Code     0  startup_stm32f40_41xxx.o(.text)
    FSMC_IRQHandler                          0x080001b7   Thumb Code     0  startup_stm32f40_41xxx.o(.text)
    HASH_RNG_IRQHandler                      0x080001b7   Thumb Code     0  startup_stm32f40_41xxx.o(.text)
    I2C1_ER_IRQHandler                       0x080001b7   Thumb Code     0  startup_stm32f40_41xxx.o(.text)
    I2C1_EV_IRQHandler                       0x080001b7   Thumb Code     0  startup_stm32f40_41xxx.o(.text)
    I2C2_ER_IRQHandler                       0x080001b7   Thumb Code     0  startup_stm32f40_41xxx.o(.text)
    I2C2_EV_IRQHandler                       0x080001b7   Thumb Code     0  startup_stm32f40_41xxx.o(.text)
    I2C3_ER_IRQHandler                       0x080001b7   Thumb Code     0  startup_stm32f40_41xxx.o(.text)
    I2C3_EV_IRQHandler                       0x080001b7   Thumb Code     0  startup_stm32f40_41xxx.o(.text)
    OTG_FS_IRQHandler                        0x080001b7   Thumb Code     0  startup_stm32f40_41xxx.o(.text)
    OTG_FS_WKUP_IRQHandler                   0x080001b7   Thumb Code     0  startup_stm32f40_41xxx.o(.text)
    OTG_HS_EP1_IN_IRQHandler                 0x080001b7   Thumb Code     0  startup_stm32f40_41xxx.o(.text)
    OTG_HS_EP1_OUT_IRQHandler                0x080001b7   Thumb Code     0  startup_stm32f40_41xxx.o(.text)
    OTG_HS_IRQHandler                        0x080001b7   Thumb Code     0  startup_stm32f40_41xxx.o(.text)
    OTG_HS_WKUP_IRQHandler                   0x080001b7   Thumb Code     0  startup_stm32f40_41xxx.o(.text)
    PVD_IRQHandler                           0x080001b7   Thumb Code     0  startup_stm32f40_41xxx.o(.text)
    RCC_IRQHandler                           0x080001b7   Thumb Code     0  startup_stm32f40_41xxx.o(.text)
    RTC_Alarm_IRQHandler                     0x080001b7   Thumb Code     0  startup_stm32f40_41xxx.o(.text)
    RTC_WKUP_IRQHandler                      0x080001b7   Thumb Code     0  startup_stm32f40_41xxx.o(.text)
    SDIO_IRQHandler                          0x080001b7   Thumb Code     0  startup_stm32f40_41xxx.o(.text)
    SPI1_IRQHandler                          0x080001b7   Thumb Code     0  startup_stm32f40_41xxx.o(.text)
    SPI2_IRQHandler                          0x080001b7   Thumb Code     0  startup_stm32f40_41xxx.o(.text)
    SPI3_IRQHandler                          0x080001b7   Thumb Code     0  startup_stm32f40_41xxx.o(.text)
    TAMP_STAMP_IRQHandler                    0x080001b7   Thumb Code     0  startup_stm32f40_41xxx.o(.text)
    TIM1_BRK_TIM9_IRQHandler                 0x080001b7   Thumb Code     0  startup_stm32f40_41xxx.o(.text)
    TIM1_CC_IRQHandler                       0x080001b7   Thumb Code     0  startup_stm32f40_41xxx.o(.text)
    TIM1_TRG_COM_TIM11_IRQHandler            0x080001b7   Thumb Code     0  startup_stm32f40_41xxx.o(.text)
    TIM1_UP_TIM10_IRQHandler                 0x080001b7   Thumb Code     0  startup_stm32f40_41xxx.o(.text)
    TIM2_IRQHandler                          0x080001b7   Thumb Code     0  startup_stm32f40_41xxx.o(.text)
    TIM3_IRQHandler                          0x080001b7   Thumb Code     0  startup_stm32f40_41xxx.o(.text)
    TIM6_DAC_IRQHandler                      0x080001b7   Thumb Code     0  startup_stm32f40_41xxx.o(.text)
    TIM7_IRQHandler                          0x080001b7   Thumb Code     0  startup_stm32f40_41xxx.o(.text)
    TIM8_BRK_TIM12_IRQHandler                0x080001b7   Thumb Code     0  startup_stm32f40_41xxx.o(.text)
    TIM8_CC_IRQHandler                       0x080001b7   Thumb Code     0  startup_stm32f40_41xxx.o(.text)
    TIM8_TRG_COM_TIM14_IRQHandler            0x080001b7   Thumb Code     0  startup_stm32f40_41xxx.o(.text)
    TIM8_UP_TIM13_IRQHandler                 0x080001b7   Thumb Code     0  startup_stm32f40_41xxx.o(.text)
    USART1_IRQHandler                        0x080001b7   Thumb Code     0  startup_stm32f40_41xxx.o(.text)
    USART6_IRQHandler                        0x080001b7   Thumb Code     0  startup_stm32f40_41xxx.o(.text)
    WWDG_IRQHandler                          0x080001b7   Thumb Code     0  startup_stm32f40_41xxx.o(.text)
    __aeabi_memcpy                           0x080001c1   Thumb Code    36  memcpya.o(.text)
    __aeabi_memcpy4                          0x080001c1   Thumb Code     0  memcpya.o(.text)
    __aeabi_memcpy8                          0x080001c1   Thumb Code     0  memcpya.o(.text)
    __aeabi_memset                           0x080001e5   Thumb Code    14  memseta.o(.text)
    __aeabi_memset4                          0x080001e5   Thumb Code     0  memseta.o(.text)
    __aeabi_memset8                          0x080001e5   Thumb Code     0  memseta.o(.text)
    __aeabi_memclr                           0x080001f3   Thumb Code     4  memseta.o(.text)
    __aeabi_memclr4                          0x080001f3   Thumb Code     0  memseta.o(.text)
    __aeabi_memclr8                          0x080001f3   Thumb Code     0  memseta.o(.text)
    _memset$wrapper                          0x080001f7   Thumb Code    18  memseta.o(.text)
    strstr                                   0x08000209   Thumb Code    36  strstr.o(.text)
    __aeabi_f2d                              0x0800022d   Thumb Code    38  f2d.o(.text)
    __aeabi_uidiv                            0x08000253   Thumb Code     0  uidiv.o(.text)
    __aeabi_uidivmod                         0x08000253   Thumb Code    44  uidiv.o(.text)
    __aeabi_uldivmod                         0x0800027f   Thumb Code    98  uldiv.o(.text)
    __I$use$fp                               0x080002e1   Thumb Code     0  iusefp.o(.text)
    __aeabi_dadd                             0x080002e1   Thumb Code   322  dadd.o(.text)
    __aeabi_dsub                             0x08000423   Thumb Code     6  dadd.o(.text)
    __aeabi_drsub                            0x08000429   Thumb Code     6  dadd.o(.text)
    __aeabi_dmul                             0x0800042f   Thumb Code   228  dmul.o(.text)
    __aeabi_ddiv                             0x08000513   Thumb Code   222  ddiv.o(.text)
    __aeabi_d2ulz                            0x080005f1   Thumb Code    48  dfixul.o(.text)
    __aeabi_cdrcmple                         0x08000621   Thumb Code    48  cdrcmple.o(.text)
    __scatterload                            0x08000651   Thumb Code    28  init.o(.text)
    __scatterload_rt2                        0x08000651   Thumb Code     0  init.o(.text)
    __aeabi_llsl                             0x08000675   Thumb Code    30  llshl.o(.text)
    _ll_shift_l                              0x08000675   Thumb Code     0  llshl.o(.text)
    __aeabi_llsr                             0x08000693   Thumb Code    32  llushr.o(.text)
    _ll_ushift_r                             0x08000693   Thumb Code     0  llushr.o(.text)
    __aeabi_lasr                             0x080006b3   Thumb Code    36  llsshr.o(.text)
    _ll_sshift_r                             0x080006b3   Thumb Code     0  llsshr.o(.text)
    _double_round                            0x080006d7   Thumb Code    30  depilogue.o(.text)
    _double_epilogue                         0x080006f5   Thumb Code   156  depilogue.o(.text)
    App_GetRadarSpeed                        0x080007e1   Thumb Code    28  app_sensor_fusion.o(i.App_GetRadarSpeed)
    App_InitSystem                           0x08000805   Thumb Code   284  app_init.o(i.App_InitSystem)
    App_ProcessEmergencyAlarm                0x08000d35   Thumb Code    42  app_alarm.o(i.App_ProcessEmergencyAlarm)
    App_ProcessRadar                         0x08000dcd   Thumb Code   100  app_sensor_fusion.o(i.App_ProcessRadar)
    App_ProcessUpload                        0x08000e75   Thumb Code   144  app_upload.o(i.App_ProcessUpload)
    App_SampleSensors                        0x08000f11   Thumb Code    84  app_sensor_fusion.o(i.App_SampleSensors)
    App_UpdateWarningState                   0x080010b1   Thumb Code    86  app_alarm.o(i.App_UpdateWarningState)
    BusFault_Handler                         0x08001119   Thumb Code     2  stm32f4xx_it.o(i.BusFault_Handler)
    DebugMon_Handler                         0x0800111b   Thumb Code     2  stm32f4xx_it.o(i.DebugMon_Handler)
    ESP8266_ConnectWiFi                      0x0800111d   Thumb Code    42  app_esp8266.o(i.ESP8266_ConnectWiFi)
    ESP8266_Init                             0x080011a1   Thumb Code    98  app_esp8266.o(i.ESP8266_Init)
    ESP8266_MQTT_Connect                     0x0800129d   Thumb Code    40  app_esp8266.o(i.ESP8266_MQTT_Connect)
    ESP8266_MQTT_Init                        0x08001325   Thumb Code    60  app_esp8266.o(i.ESP8266_MQTT_Init)
    EXTI15_10_IRQHandler                     0x0800147d   Thumb Code   266  hc-sr04.o(i.EXTI15_10_IRQHandler)
    EXTI_ClearITPendingBit                   0x0800159d   Thumb Code     6  stm32f4xx_exti.o(i.EXTI_ClearITPendingBit)
    EXTI_GetITStatus                         0x080015a9   Thumb Code    16  stm32f4xx_exti.o(i.EXTI_GetITStatus)
    EXTI_Init                                0x080015bd   Thumb Code   108  stm32f4xx_exti.o(i.EXTI_Init)
    GPIO_Configuration                       0x0800162d   Thumb Code    68  latticeled.o(i.GPIO_Configuration)
    GPIO_Init                                0x08001675   Thumb Code   120  stm32f4xx_gpio.o(i.GPIO_Init)
    GPIO_PinAFConfig                         0x080016ed   Thumb Code    32  stm32f4xx_gpio.o(i.GPIO_PinAFConfig)
    GPIO_ReadInputDataBit                    0x0800170d   Thumb Code    14  stm32f4xx_gpio.o(i.GPIO_ReadInputDataBit)
    GPIO_ResetBits                           0x0800171b   Thumb Code     4  stm32f4xx_gpio.o(i.GPIO_ResetBits)
    GPIO_SetBits                             0x0800171f   Thumb Code     4  stm32f4xx_gpio.o(i.GPIO_SetBits)
    GY95T_GetPitch                           0x08001725   Thumb Code     8  gy95t.o(i.GY95T_GetPitch)
    GY95T_GetRoll                            0x08001731   Thumb Code    28  gy95t.o(i.GY95T_GetRoll)
    GY95T_GetYaw                             0x08001751   Thumb Code     8  gy95t.o(i.GY95T_GetYaw)
    GY95T_Init                               0x0800175d   Thumb Code    62  gy95t.o(i.GY95T_Init)
    GY95T_ProcessData                        0x0800179d   Thumb Code    96  gy95t.o(i.GY95T_ProcessData)
    GY95T_ReadLatest                         0x0800180d   Thumb Code    52  gy95t.o(i.GY95T_ReadLatest)
    Get_Maopi                                0x080018a1   Thumb Code    24  hx711.o(i.Get_Maopi)
    Get_Weight                               0x080018bd   Thumb Code   140  hx711.o(i.Get_Weight)
    HC_SR04_Compute                          0x08001959   Thumb Code   132  hc-sr04.o(i.HC_SR04_Compute)
    HC_SR04_Compute1                         0x080019e9   Thumb Code   132  hc-sr04.o(i.HC_SR04_Compute1)
    HC_SR04_Init                             0x08001aa9   Thumb Code   152  hc-sr04.o(i.HC_SR04_Init)
    HC_SR04_Init1                            0x08001b45   Thumb Code   142  hc-sr04.o(i.HC_SR04_Init1)
    HC_SR04_TIM_Init                         0x08001bdd   Thumb Code   136  hc-sr04.o(i.HC_SR04_TIM_Init)
    HX711_Read                               0x08001c6d   Thumb Code   150  hx711.o(i.HX711_Read)
    HX711_Read1                              0x08001d0d   Thumb Code   156  hx711.o(i.HX711_Read1)
    HX711_Read2                              0x08001db1   Thumb Code   150  hx711.o(i.HX711_Read2)
    HardFault_Handler                        0x08001e51   Thumb Code     2  stm32f4xx_it.o(i.HardFault_Handler)
    Init_HX711pin                            0x08001e55   Thumb Code   200  hx711.o(i.Init_HX711pin)
    LatticeLedAllOff                         0x08001f25   Thumb Code   100  latticeled.o(i.LatticeLedAllOff)
    LatticeLedAllOn                          0x08001f8d   Thumb Code   100  latticeled.o(i.LatticeLedAllOn)
    LatticeLedCLS                            0x08001ff5   Thumb Code    26  latticeled.o(i.LatticeLedCLS)
    LatticeLedInit                           0x08002011   Thumb Code   124  latticeled.o(i.LatticeLedInit)
    LatticeLedShowIdle                       0x08002091   Thumb Code     4  latticeled.o(i.LatticeLedShowIdle)
    LatticeLedShowLeftArrow                  0x08002095   Thumb Code    14  latticeled.o(i.LatticeLedShowLeftArrow)
    LatticeLedShowRightArrow                 0x080020a9   Thumb Code    14  latticeled.o(i.LatticeLedShowRightArrow)
    LatticeLedUpdateSpecificChips            0x080020bd   Thumb Code   124  latticeled.o(i.LatticeLedUpdateSpecificChips)
    LatticeLedWrite_byte                     0x0800213d   Thumb Code    66  latticeled.o(i.LatticeLedWrite_byte)
    LatticeLed_Write_Command                 0x08002185   Thumb Code    40  latticeled.o(i.LatticeLed_Write_Command)
    Max7219_Lock                             0x080021b1   Thumb Code    28  latticeled.o(i.Max7219_Lock)
    MemManage_Handler                        0x080021d1   Thumb Code     2  stm32f4xx_it.o(i.MemManage_Handler)
    NMI_Handler                              0x080021d3   Thumb Code     2  stm32f4xx_it.o(i.NMI_Handler)
    NVIC_Init                                0x080021d5   Thumb Code    96  misc.o(i.NVIC_Init)
    NVIC_PriorityGroupConfig                 0x08002239   Thumb Code    10  misc.o(i.NVIC_PriorityGroupConfig)
    RCC_AHB1PeriphClockCmd                   0x080022d9   Thumb Code    18  stm32f4xx_rcc.o(i.RCC_AHB1PeriphClockCmd)
    RCC_APB1PeriphClockCmd                   0x080022f1   Thumb Code    18  stm32f4xx_rcc.o(i.RCC_APB1PeriphClockCmd)
    RCC_APB2PeriphClockCmd                   0x08002309   Thumb Code    18  stm32f4xx_rcc.o(i.RCC_APB2PeriphClockCmd)
    RCC_GetClocksFreq                        0x08002321   Thumb Code   132  stm32f4xx_rcc.o(i.RCC_GetClocksFreq)
    Radar_10msTask                           0x080023b1   Thumb Code   188  radar.o(i.Radar_10msTask)
    Radar_GetAvailableBytes                  0x08002475   Thumb Code    32  usart2.o(i.Radar_GetAvailableBytes)
    Radar_GetBufferData                      0x08002499   Thumb Code    52  usart2.o(i.Radar_GetBufferData)
    SYSCFG_EXTILineConfig                    0x080024d5   Thumb Code    42  stm32f4xx_syscfg.o(i.SYSCFG_EXTILineConfig)
    Serial1_SendByte                         0x08002505   Thumb Code    26  usart1.o(i.Serial1_SendByte)
    Serial1_SendString                       0x08002525   Thumb Code    20  usart1.o(i.Serial1_SendString)
    Serial6_SendArray                        0x08002539   Thumb Code    26  usart6.o(i.Serial6_SendArray)
    Serial6_SendByte                         0x08002555   Thumb Code    26  usart6.o(i.Serial6_SendByte)
    Serial6_SendPacket                       0x08002575   Thumb Code    30  usart6.o(i.Serial6_SendPacket)
    Serial6_SendRadarInfo                    0x08002593   Thumb Code    40  usart6.o(i.Serial6_SendRadarInfo)
    StartWrite                               0x08002671   Thumb Code    10  latticeled.o(i.StartWrite)
    StopWrite                                0x08002681   Thumb Code    10  latticeled.o(i.StopWrite)
    SysTick_Handler                          0x08002691   Thumb Code    10  delay.o(i.SysTick_Handler)
    SystemInit                               0x080026a1   Thumb Code    74  system_stm32f4xx.o(i.SystemInit)
    TIM4_IRQHandler                          0x080026fd   Thumb Code    38  hc-sr04.o(i.TIM4_IRQHandler)
    TIM5_IRQHandler                          0x0800272d   Thumb Code    38  hc-sr04.o(i.TIM5_IRQHandler)
    TIM_ClearFlag                            0x0800275d   Thumb Code     6  stm32f4xx_tim.o(i.TIM_ClearFlag)
    TIM_ClearITPendingBit                    0x08002763   Thumb Code     6  stm32f4xx_tim.o(i.TIM_ClearITPendingBit)
    TIM_Cmd                                  0x08002769   Thumb Code    20  stm32f4xx_tim.o(i.TIM_Cmd)
    TIM_GetCounter                           0x0800277d   Thumb Code     4  stm32f4xx_tim.o(i.TIM_GetCounter)
    TIM_GetITStatus                          0x08002781   Thumb Code    24  stm32f4xx_tim.o(i.TIM_GetITStatus)
    TIM_ITConfig                             0x08002799   Thumb Code    16  stm32f4xx_tim.o(i.TIM_ITConfig)
    TIM_SetCounter                           0x080027a9   Thumb Code     4  stm32f4xx_tim.o(i.TIM_SetCounter)
    TIM_TimeBaseInit                         0x080027ad   Thumb Code    96  stm32f4xx_tim.o(i.TIM_TimeBaseInit)
    TX_4G_Init                               0x08002829   Thumb Code   120  4gtx.o(i.TX_4G_Init)
    TX_Call_phone                            0x0800291d   Thumb Code    20  4gtx.o(i.TX_Call_phone)
    TX_SendMssage                            0x08002961   Thumb Code    96  4gtx.o(i.TX_SendMssage)
    UART4_IRQHandler                         0x08002a0d   Thumb Code   118  usart4.o(i.UART4_IRQHandler)
    UART4_Init                               0x08002a91   Thumb Code   162  usart4.o(i.UART4_Init)
    UART5_IRQHandler                         0x08002b3d   Thumb Code    64  usart5.o(i.UART5_IRQHandler)
    UART5_Init                               0x08002b89   Thumb Code   190  usart5.o(i.UART5_Init)
    UART5_SendByte                           0x08002c55   Thumb Code    26  usart5.o(i.UART5_SendByte)
    USART1_Init                              0x08002c75   Thumb Code   126  usart1.o(i.USART1_Init)
    USART2_IRQHandler                        0x08002cfd   Thumb Code    52  usart2.o(i.USART2_IRQHandler)
    USART2_Init                              0x08002d3d   Thumb Code   196  usart2.o(i.USART2_Init)
    USART3_ClearBuffer                       0x08002e09   Thumb Code    20  usart3.o(i.USART3_ClearBuffer)
    USART3_IRQHandler                        0x08002e25   Thumb Code    66  usart3.o(i.USART3_IRQHandler)
    USART3_Init                              0x08002e75   Thumb Code   168  usart3.o(i.USART3_Init)
    USART3_SendByte                          0x08002f25   Thumb Code    26  usart3.o(i.USART3_SendByte)
    USART3_SendCmd                           0x08002f45   Thumb Code    16  usart3.o(i.USART3_SendCmd)
    USART3_SendString                        0x08002f59   Thumb Code    20  usart3.o(i.USART3_SendString)
    USART3_WaitFor                           0x08002f6d   Thumb Code    42  usart3.o(i.USART3_WaitFor)
    USART6_Init                              0x08002f9d   Thumb Code   136  usart6.o(i.USART6_Init)
    USART_ClearITPendingBit                  0x0800302d   Thumb Code    12  stm32f4xx_usart.o(i.USART_ClearITPendingBit)
    USART_Cmd                                0x08003039   Thumb Code    20  stm32f4xx_usart.o(i.USART_Cmd)
    USART_GetFlagStatus                      0x0800304d   Thumb Code    14  stm32f4xx_usart.o(i.USART_GetFlagStatus)
    USART_GetITStatus                        0x0800305b   Thumb Code    62  stm32f4xx_usart.o(i.USART_GetITStatus)
    USART_ITConfig                           0x08003099   Thumb Code    48  stm32f4xx_usart.o(i.USART_ITConfig)
    USART_Init                               0x080030c9   Thumb Code   164  stm32f4xx_usart.o(i.USART_Init)
    USART_ReceiveData                        0x08003175   Thumb Code     8  stm32f4xx_usart.o(i.USART_ReceiveData)
    USART_SendData                           0x0800317d   Thumb Code     8  stm32f4xx_usart.o(i.USART_SendData)
    UsageFault_Handler                       0x08003185   Thumb Code     2  stm32f4xx_it.o(i.UsageFault_Handler)
    __0printf                                0x08003189   Thumb Code    22  printfa.o(i.__0printf)
    __1printf                                0x08003189   Thumb Code     0  printfa.o(i.__0printf)
    __2printf                                0x08003189   Thumb Code     0  printfa.o(i.__0printf)
    __c89printf                              0x08003189   Thumb Code     0  printfa.o(i.__0printf)
    printf                                   0x08003189   Thumb Code     0  printfa.o(i.__0printf)
    __0sprintf                               0x080031a9   Thumb Code    34  printfa.o(i.__0sprintf)
    __1sprintf                               0x080031a9   Thumb Code     0  printfa.o(i.__0sprintf)
    __2sprintf                               0x080031a9   Thumb Code     0  printfa.o(i.__0sprintf)
    __c89sprintf                             0x080031a9   Thumb Code     0  printfa.o(i.__0sprintf)
    sprintf                                  0x080031a9   Thumb Code     0  printfa.o(i.__0sprintf)
    __scatterload_copy                       0x080031d1   Thumb Code    14  handlers.o(i.__scatterload_copy)
    __scatterload_null                       0x080031df   Thumb Code     2  handlers.o(i.__scatterload_null)
    __scatterload_zeroinit                   0x080031e1   Thumb Code    14  handlers.o(i.__scatterload_zeroinit)
    delay_init                               0x08003aad   Thumb Code    54  delay.o(i.delay_init)
    delay_ms                                 0x08003ae9   Thumb Code    46  delay.o(i.delay_ms)
    delay_us                                 0x08003b1d   Thumb Code    48  delay.o(i.delay_us)
    fputc                                    0x08003b51   Thumb Code    14  usart5.o(i.fputc)
    lian                                     0x08003b5f   Thumb Code    54  latticeled.o(i.lian)
    main                                     0x08003b95   Thumb Code    32  main.o(i.main)
    mie                                      0x08003bb5   Thumb Code    54  latticeled.o(i.mie)
    qiujiu                                   0x08003beb   Thumb Code    26  4gtx.o(i.qiujiu)
    shansuo                                  0x08003c05   Thumb Code    30  latticeled.o(i.shansuo)
    Region$$Table$$Base                      0x08003d90   Number         0  anon$$obj.o(Region$$Table)
    Region$$Table$$Limit                     0x08003db0   Number         0  anon$$obj.o(Region$$Table)
    numSelectedChips                         0x20000010   Data           1  latticeled.o(.data)
    selectedChips                            0x20000011   Data           8  latticeled.o(.data)
    you_tsd                                  0x20000019   Data          64  latticeled.o(.data)
    zuo_tsd                                  0x20000059   Data          64  latticeled.o(.data)
    Receive_ok                               0x200000a0   Data           1  usart4.o(.data)
    num                                      0x200000b4   Data           2  hc-sr04.o(.data)
    num1                                     0x200000b6   Data           2  hc-sr04.o(.data)
    Distance                                 0x200000b8   Data           4  hc-sr04.o(.data)
    Distance1                                0x200000bc   Data           4  hc-sr04.o(.data)
    HX711_Buffer                             0x200000c8   Data           4  hx711.o(.data)
    Weight_Maopi                             0x200000cc   Data           4  hx711.o(.data)
    Weight_Shiwu                             0x200000d0   Data           4  hx711.o(.data)
    HX711_Buffer1                            0x200000d4   Data           4  hx711.o(.data)
    Weight_Maopi1                            0x200000d8   Data           4  hx711.o(.data)
    Weight_Shiwu1                            0x200000dc   Data           4  hx711.o(.data)
    HX711_Buffer2                            0x200000e0   Data           4  hx711.o(.data)
    Weight_Maopi2                            0x200000e4   Data           4  hx711.o(.data)
    Weight_Shiwu2                            0x200000e8   Data           4  hx711.o(.data)
    target_count                             0x200000ec   Data           1  radar.o(.data)
    radar_alarm                              0x200000ed   Data           1  radar.o(.data)
    __stdout                                 0x20000100   Data           4  stdout.o(.data)
    g_app                                    0x20000104   Data          36  app_context.o(.bss)
    usart_rx_data                            0x20000550   Data         100  usart4.o(.bss)
    targets                                  0x200007d0   Data         160  radar.o(.bss)
    __initial_sp                             0x20000d70   Data           0  startup_stm32f40_41xxx.o(STACK)



==============================================================================

Memory Map of the image

  Image Entry point : 0x08000189

  Load Region LR_IROM1 (Base: 0x08000000, Size: 0x00003eb4, Max: 0x00080000, ABSOLUTE)

    Execution Region ER_IROM1 (Exec base: 0x08000000, Load base: 0x08000000, Size: 0x00003db0, Max: 0x00080000, ABSOLUTE)

    Exec Addr    Load Addr    Size         Type   Attr      Idx    E Section Name        Object

    0x08000000   0x08000000   0x00000188   Data   RO          550    RESET               startup_stm32f40_41xxx.o
    0x08000188   0x08000188   0x00000000   Code   RO         3434  * .ARM.Collect$$$$00000000  mc_w.l(entry.o)
    0x08000188   0x08000188   0x00000004   Code   RO         3708    .ARM.Collect$$$$00000001  mc_w.l(entry2.o)
    0x0800018c   0x0800018c   0x00000004   Code   RO         3711    .ARM.Collect$$$$00000004  mc_w.l(entry5.o)
    0x08000190   0x08000190   0x00000000   Code   RO         3713    .ARM.Collect$$$$00000008  mc_w.l(entry7b.o)
    0x08000190   0x08000190   0x00000000   Code   RO         3715    .ARM.Collect$$$$0000000A  mc_w.l(entry8b.o)
    0x08000190   0x08000190   0x00000008   Code   RO         3716    .ARM.Collect$$$$0000000B  mc_w.l(entry9a.o)
    0x08000198   0x08000198   0x00000000   Code   RO         3718    .ARM.Collect$$$$0000000D  mc_w.l(entry10a.o)
    0x08000198   0x08000198   0x00000000   Code   RO         3720    .ARM.Collect$$$$0000000F  mc_w.l(entry11a.o)
    0x08000198   0x08000198   0x00000004   Code   RO         3709    .ARM.Collect$$$$00002712  mc_w.l(entry2.o)
    0x0800019c   0x0800019c   0x00000024   Code   RO          551    .text               startup_stm32f40_41xxx.o
    0x080001c0   0x080001c0   0x00000024   Code   RO         3437    .text               mc_w.l(memcpya.o)
    0x080001e4   0x080001e4   0x00000024   Code   RO         3439    .text               mc_w.l(memseta.o)
    0x08000208   0x08000208   0x00000024   Code   RO         3441    .text               mc_w.l(strstr.o)
    0x0800022c   0x0800022c   0x00000026   Code   RO         3706    .text               mf_w.l(f2d.o)
    0x08000252   0x08000252   0x0000002c   Code   RO         3723    .text               mc_w.l(uidiv.o)
    0x0800027e   0x0800027e   0x00000062   Code   RO         3725    .text               mc_w.l(uldiv.o)
    0x080002e0   0x080002e0   0x00000000   Code   RO         3727    .text               mc_w.l(iusefp.o)
    0x080002e0   0x080002e0   0x0000014e   Code   RO         3728    .text               mf_w.l(dadd.o)
    0x0800042e   0x0800042e   0x000000e4   Code   RO         3730    .text               mf_w.l(dmul.o)
    0x08000512   0x08000512   0x000000de   Code   RO         3732    .text               mf_w.l(ddiv.o)
    0x080005f0   0x080005f0   0x00000030   Code   RO         3734    .text               mf_w.l(dfixul.o)
    0x08000620   0x08000620   0x00000030   Code   RO         3736    .text               mf_w.l(cdrcmple.o)
    0x08000650   0x08000650   0x00000024   Code   RO         3738    .text               mc_w.l(init.o)
    0x08000674   0x08000674   0x0000001e   Code   RO         3740    .text               mc_w.l(llshl.o)
    0x08000692   0x08000692   0x00000020   Code   RO         3742    .text               mc_w.l(llushr.o)
    0x080006b2   0x080006b2   0x00000024   Code   RO         3744    .text               mc_w.l(llsshr.o)
    0x080006d6   0x080006d6   0x000000ba   Code   RO         3746    .text               mf_w.l(depilogue.o)
    0x08000790   0x08000790   0x00000050   Code   RO          253    i.App_GetCarDirection  app_sensor_fusion.o
    0x080007e0   0x080007e0   0x00000024   Code   RO          254    i.App_GetRadarSpeed  app_sensor_fusion.o
    0x08000804   0x08000804   0x000003c8   Code   RO          186    i.App_InitSystem    app_init.o
    0x08000bcc   0x08000bcc   0x000000ac   Code   RO          255    i.App_PrintRadarData  app_sensor_fusion.o
    0x08000c78   0x08000c78   0x000000bc   Code   RO          256    i.App_PrintSensorSnapshot  app_sensor_fusion.o
    0x08000d34   0x08000d34   0x00000098   Code   RO          306    i.App_ProcessEmergencyAlarm  app_alarm.o
    0x08000dcc   0x08000dcc   0x000000a8   Code   RO          257    i.App_ProcessRadar  app_sensor_fusion.o
    0x08000e74   0x08000e74   0x0000009c   Code   RO          332    i.App_ProcessUpload  app_upload.o
    0x08000f10   0x08000f10   0x00000058   Code   RO          258    i.App_SampleSensors  app_sensor_fusion.o
    0x08000f68   0x08000f68   0x00000148   Code   RO          259    i.App_UpdateTurnIndicator  app_sensor_fusion.o
    0x080010b0   0x080010b0   0x00000068   Code   RO          307    i.App_UpdateWarningState  app_alarm.o
    0x08001118   0x08001118   0x00000002   Code   RO          460    i.BusFault_Handler  stm32f4xx_it.o
    0x0800111a   0x0800111a   0x00000002   Code   RO          461    i.DebugMon_Handler  stm32f4xx_it.o
    0x0800111c   0x0800111c   0x00000084   Code   RO          354    i.ESP8266_ConnectWiFi  app_esp8266.o
    0x080011a0   0x080011a0   0x000000fc   Code   RO          356    i.ESP8266_Init      app_esp8266.o
    0x0800129c   0x0800129c   0x00000088   Code   RO          357    i.ESP8266_MQTT_Connect  app_esp8266.o
    0x08001324   0x08001324   0x000000dc   Code   RO          358    i.ESP8266_MQTT_Init  app_esp8266.o
    0x08001400   0x08001400   0x0000007c   Code   RO          367    i.ESP8266_SendATCommand  app_esp8266.o
    0x0800147c   0x0800147c   0x00000120   Code   RO         3202    i.EXTI15_10_IRQHandler  hc-sr04.o
    0x0800159c   0x0800159c   0x0000000c   Code   RO         2576    i.EXTI_ClearITPendingBit  stm32f4xx_exti.o
    0x080015a8   0x080015a8   0x00000014   Code   RO         2580    i.EXTI_GetITStatus  stm32f4xx_exti.o
    0x080015bc   0x080015bc   0x00000070   Code   RO         2581    i.EXTI_Init         stm32f4xx_exti.o
    0x0800162c   0x0800162c   0x00000048   Code   RO         2675    i.GPIO_Configuration  latticeled.o
    0x08001674   0x08001674   0x00000078   Code   RO          602    i.GPIO_Init         stm32f4xx_gpio.o
    0x080016ec   0x080016ec   0x00000020   Code   RO          603    i.GPIO_PinAFConfig  stm32f4xx_gpio.o
    0x0800170c   0x0800170c   0x0000000e   Code   RO          606    i.GPIO_ReadInputDataBit  stm32f4xx_gpio.o
    0x0800171a   0x0800171a   0x00000004   Code   RO          609    i.GPIO_ResetBits    stm32f4xx_gpio.o
    0x0800171e   0x0800171e   0x00000004   Code   RO          610    i.GPIO_SetBits      stm32f4xx_gpio.o
    0x08001722   0x08001722   0x00000002   PAD
    0x08001724   0x08001724   0x0000000c   Code   RO         3127    i.GY95T_GetPitch    gy95t.o
    0x08001730   0x08001730   0x00000020   Code   RO         3128    i.GY95T_GetRoll     gy95t.o
    0x08001750   0x08001750   0x0000000c   Code   RO         3130    i.GY95T_GetYaw      gy95t.o
    0x0800175c   0x0800175c   0x0000003e   Code   RO         3131    i.GY95T_Init        gy95t.o
    0x0800179a   0x0800179a   0x00000002   PAD
    0x0800179c   0x0800179c   0x00000070   Code   RO         3132    i.GY95T_ProcessData  gy95t.o
    0x0800180c   0x0800180c   0x0000003c   Code   RO         3133    i.GY95T_ReadLatest  gy95t.o
    0x08001848   0x08001848   0x00000058   Code   RO         3135    i.GY95T_SendCommand  gy95t.o
    0x080018a0   0x080018a0   0x0000001c   Code   RO         3275    i.Get_Maopi         hx711.o
    0x080018bc   0x080018bc   0x0000009c   Code   RO         3276    i.Get_Weight        hx711.o
    0x08001958   0x08001958   0x00000090   Code   RO         3203    i.HC_SR04_Compute   hc-sr04.o
    0x080019e8   0x080019e8   0x00000090   Code   RO         3204    i.HC_SR04_Compute1  hc-sr04.o
    0x08001a78   0x08001a78   0x00000030   Code   RO         3205    i.HC_SR04_FinalizeDistance  hc-sr04.o
    0x08001aa8   0x08001aa8   0x0000009c   Code   RO         3206    i.HC_SR04_Init      hc-sr04.o
    0x08001b44   0x08001b44   0x00000098   Code   RO         3207    i.HC_SR04_Init1     hc-sr04.o
    0x08001bdc   0x08001bdc   0x00000090   Code   RO         3208    i.HC_SR04_TIM_Init  hc-sr04.o
    0x08001c6c   0x08001c6c   0x000000a0   Code   RO         3277    i.HX711_Read        hx711.o
    0x08001d0c   0x08001d0c   0x000000a4   Code   RO         3278    i.HX711_Read1       hx711.o
    0x08001db0   0x08001db0   0x000000a0   Code   RO         3279    i.HX711_Read2       hx711.o
    0x08001e50   0x08001e50   0x00000002   Code   RO          462    i.HardFault_Handler  stm32f4xx_it.o
    0x08001e52   0x08001e52   0x00000002   PAD
    0x08001e54   0x08001e54   0x000000d0   Code   RO         3280    i.Init_HX711pin     hx711.o
    0x08001f24   0x08001f24   0x00000068   Code   RO         2676    i.LatticeLedAllOff  latticeled.o
    0x08001f8c   0x08001f8c   0x00000068   Code   RO         2677    i.LatticeLedAllOn   latticeled.o
    0x08001ff4   0x08001ff4   0x0000001a   Code   RO         2678    i.LatticeLedCLS     latticeled.o
    0x0800200e   0x0800200e   0x00000002   PAD
    0x08002010   0x08002010   0x00000080   Code   RO         2679    i.LatticeLedInit    latticeled.o
    0x08002090   0x08002090   0x00000004   Code   RO         2680    i.LatticeLedShowIdle  latticeled.o
    0x08002094   0x08002094   0x00000014   Code   RO         2681    i.LatticeLedShowLeftArrow  latticeled.o
    0x080020a8   0x080020a8   0x00000014   Code   RO         2682    i.LatticeLedShowRightArrow  latticeled.o
    0x080020bc   0x080020bc   0x00000080   Code   RO         2684    i.LatticeLedUpdateSpecificChips  latticeled.o
    0x0800213c   0x0800213c   0x00000048   Code   RO         2685    i.LatticeLedWrite_byte  latticeled.o
    0x08002184   0x08002184   0x0000002c   Code   RO         2686    i.LatticeLed_Write_Command  latticeled.o
    0x080021b0   0x080021b0   0x00000020   Code   RO         2687    i.Max7219_Lock      latticeled.o
    0x080021d0   0x080021d0   0x00000002   Code   RO          463    i.MemManage_Handler  stm32f4xx_it.o
    0x080021d2   0x080021d2   0x00000002   Code   RO          464    i.NMI_Handler       stm32f4xx_it.o
    0x080021d4   0x080021d4   0x00000064   Code   RO          557    i.NVIC_Init         misc.o
    0x08002238   0x08002238   0x00000014   Code   RO          558    i.NVIC_PriorityGroupConfig  misc.o
    0x0800224c   0x0800224c   0x0000008c   Code   RO         3331    i.ParseRadarFrame   radar.o
    0x080022d8   0x080022d8   0x00000018   Code   RO          699    i.RCC_AHB1PeriphClockCmd  stm32f4xx_rcc.o
    0x080022f0   0x080022f0   0x00000018   Code   RO          708    i.RCC_APB1PeriphClockCmd  stm32f4xx_rcc.o
    0x08002308   0x08002308   0x00000018   Code   RO          711    i.RCC_APB2PeriphClockCmd  stm32f4xx_rcc.o
    0x08002320   0x08002320   0x00000090   Code   RO          720    i.RCC_GetClocksFreq  stm32f4xx_rcc.o
    0x080023b0   0x080023b0   0x000000c4   Code   RO         3332    i.Radar_10msTask    radar.o
    0x08002474   0x08002474   0x00000024   Code   RO         2851    i.Radar_GetAvailableBytes  usart2.o
    0x08002498   0x08002498   0x0000003c   Code   RO         2852    i.Radar_GetBufferData  usart2.o
    0x080024d4   0x080024d4   0x00000030   Code   RO         1036    i.SYSCFG_EXTILineConfig  stm32f4xx_syscfg.o
    0x08002504   0x08002504   0x00000020   Code   RO         2814    i.Serial1_SendByte  usart1.o
    0x08002524   0x08002524   0x00000014   Code   RO         2815    i.Serial1_SendString  usart1.o
    0x08002538   0x08002538   0x0000001a   Code   RO         3078    i.Serial6_SendArray  usart6.o
    0x08002552   0x08002552   0x00000002   PAD
    0x08002554   0x08002554   0x00000020   Code   RO         3079    i.Serial6_SendByte  usart6.o
    0x08002574   0x08002574   0x0000001e   Code   RO         3080    i.Serial6_SendPacket  usart6.o
    0x08002592   0x08002592   0x00000028   Code   RO         3081    i.Serial6_SendRadarInfo  usart6.o
    0x080025ba   0x080025ba   0x00000002   PAD
    0x080025bc   0x080025bc   0x000000b4   Code   RO          513    i.SetSysClock       system_stm32f4xx.o
    0x08002670   0x08002670   0x00000010   Code   RO         2688    i.StartWrite        latticeled.o
    0x08002680   0x08002680   0x00000010   Code   RO         2689    i.StopWrite         latticeled.o
    0x08002690   0x08002690   0x00000010   Code   RO         3384    i.SysTick_Handler   delay.o
    0x080026a0   0x080026a0   0x0000005c   Code   RO          515    i.SystemInit        system_stm32f4xx.o
    0x080026fc   0x080026fc   0x00000030   Code   RO         3209    i.TIM4_IRQHandler   hc-sr04.o
    0x0800272c   0x0800272c   0x00000030   Code   RO         3210    i.TIM5_IRQHandler   hc-sr04.o
    0x0800275c   0x0800275c   0x00000006   Code   RO         1690    i.TIM_ClearFlag     stm32f4xx_tim.o
    0x08002762   0x08002762   0x00000006   Code   RO         1691    i.TIM_ClearITPendingBit  stm32f4xx_tim.o
    0x08002768   0x08002768   0x00000014   Code   RO         1696    i.TIM_Cmd           stm32f4xx_tim.o
    0x0800277c   0x0800277c   0x00000004   Code   RO         1715    i.TIM_GetCounter    stm32f4xx_tim.o
    0x08002780   0x08002780   0x00000018   Code   RO         1717    i.TIM_GetITStatus   stm32f4xx_tim.o
    0x08002798   0x08002798   0x00000010   Code   RO         1721    i.TIM_ITConfig      stm32f4xx_tim.o
    0x080027a8   0x080027a8   0x00000004   Code   RO         1762    i.TIM_SetCounter    stm32f4xx_tim.o
    0x080027ac   0x080027ac   0x0000007c   Code   RO         1768    i.TIM_TimeBaseInit  stm32f4xx_tim.o
    0x08002828   0x08002828   0x000000f4   Code   RO         2637    i.TX_4G_Init        4gtx.o
    0x0800291c   0x0800291c   0x00000044   Code   RO         2638    i.TX_Call_phone     4gtx.o
    0x08002960   0x08002960   0x000000ac   Code   RO         2639    i.TX_SendMssage     4gtx.o
    0x08002a0c   0x08002a0c   0x00000084   Code   RO         2962    i.UART4_IRQHandler  usart4.o
    0x08002a90   0x08002a90   0x000000ac   Code   RO         2963    i.UART4_Init        usart4.o
    0x08002b3c   0x08002b3c   0x0000004c   Code   RO         3009    i.UART5_IRQHandler  usart5.o
    0x08002b88   0x08002b88   0x000000cc   Code   RO         3010    i.UART5_Init        usart5.o
    0x08002c54   0x08002c54   0x00000020   Code   RO         3012    i.UART5_SendByte    usart5.o
    0x08002c74   0x08002c74   0x00000088   Code   RO         2816    i.USART1_Init       usart1.o
    0x08002cfc   0x08002cfc   0x00000040   Code   RO         2853    i.USART2_IRQHandler  usart2.o
    0x08002d3c   0x08002d3c   0x000000cc   Code   RO         2854    i.USART2_Init       usart2.o
    0x08002e08   0x08002e08   0x0000001c   Code   RO         2892    i.USART3_ClearBuffer  usart3.o
    0x08002e24   0x08002e24   0x00000050   Code   RO         2894    i.USART3_IRQHandler  usart3.o
    0x08002e74   0x08002e74   0x000000b0   Code   RO         2895    i.USART3_Init       usart3.o
    0x08002f24   0x08002f24   0x00000020   Code   RO         2897    i.USART3_SendByte   usart3.o
    0x08002f44   0x08002f44   0x00000014   Code   RO         2898    i.USART3_SendCmd    usart3.o
    0x08002f58   0x08002f58   0x00000014   Code   RO         2899    i.USART3_SendString  usart3.o
    0x08002f6c   0x08002f6c   0x00000030   Code   RO         2900    i.USART3_WaitFor    usart3.o
    0x08002f9c   0x08002f9c   0x00000090   Code   RO         3083    i.USART6_Init       usart6.o
    0x0800302c   0x0800302c   0x0000000c   Code   RO         1090    i.USART_ClearITPendingBit  stm32f4xx_usart.o
    0x08003038   0x08003038   0x00000014   Code   RO         1093    i.USART_Cmd         stm32f4xx_usart.o
    0x0800304c   0x0800304c   0x0000000e   Code   RO         1096    i.USART_GetFlagStatus  stm32f4xx_usart.o
    0x0800305a   0x0800305a   0x0000003e   Code   RO         1097    i.USART_GetITStatus  stm32f4xx_usart.o
    0x08003098   0x08003098   0x00000030   Code   RO         1099    i.USART_ITConfig    stm32f4xx_usart.o
    0x080030c8   0x080030c8   0x000000ac   Code   RO         1100    i.USART_Init        stm32f4xx_usart.o
    0x08003174   0x08003174   0x00000008   Code   RO         1107    i.USART_ReceiveData  stm32f4xx_usart.o
    0x0800317c   0x0800317c   0x00000008   Code   RO         1110    i.USART_SendData    stm32f4xx_usart.o
    0x08003184   0x08003184   0x00000002   Code   RO          465    i.UsageFault_Handler  stm32f4xx_it.o
    0x08003186   0x08003186   0x00000002   PAD
    0x08003188   0x08003188   0x00000020   Code   RO         3678    i.__0printf         mc_w.l(printfa.o)
    0x080031a8   0x080031a8   0x00000028   Code   RO         3680    i.__0sprintf        mc_w.l(printfa.o)
    0x080031d0   0x080031d0   0x0000000e   Code   RO         3750    i.__scatterload_copy  mc_w.l(handlers.o)
    0x080031de   0x080031de   0x00000002   Code   RO         3751    i.__scatterload_null  mc_w.l(handlers.o)
    0x080031e0   0x080031e0   0x0000000e   Code   RO         3752    i.__scatterload_zeroinit  mc_w.l(handlers.o)
    0x080031ee   0x080031ee   0x00000002   PAD
    0x080031f0   0x080031f0   0x00000184   Code   RO         3685    i._fp_digits        mc_w.l(printfa.o)
    0x08003374   0x08003374   0x000006dc   Code   RO         3686    i._printf_core      mc_w.l(printfa.o)
    0x08003a50   0x08003a50   0x00000024   Code   RO         3687    i._printf_post_padding  mc_w.l(printfa.o)
    0x08003a74   0x08003a74   0x0000002e   Code   RO         3688    i._printf_pre_padding  mc_w.l(printfa.o)
    0x08003aa2   0x08003aa2   0x0000000a   Code   RO         3690    i._sputc            mc_w.l(printfa.o)
    0x08003aac   0x08003aac   0x0000003c   Code   RO         3385    i.delay_init        delay.o
    0x08003ae8   0x08003ae8   0x00000034   Code   RO         3386    i.delay_ms          delay.o
    0x08003b1c   0x08003b1c   0x00000034   Code   RO         3387    i.delay_us          delay.o
    0x08003b50   0x08003b50   0x0000000e   Code   RO         3015    i.fputc             usart5.o
    0x08003b5e   0x08003b5e   0x00000036   Code   RO         2692    i.lian              latticeled.o
    0x08003b94   0x08003b94   0x00000020   Code   RO            3    i.main              main.o
    0x08003bb4   0x08003bb4   0x00000036   Code   RO         2693    i.mie               latticeled.o
    0x08003bea   0x08003bea   0x0000001a   Code   RO         2640    i.qiujiu            4gtx.o
    0x08003c04   0x08003c04   0x0000001e   Code   RO         2694    i.shansuo           latticeled.o
    0x08003c22   0x08003c22   0x00000002   PAD
    0x08003c24   0x08003c24   0x000000a9   Data   RO          260    .conststring        app_sensor_fusion.o
    0x08003ccd   0x08003ccd   0x00000003   PAD
    0x08003cd0   0x08003cd0   0x00000044   Data   RO          333    .conststring        app_upload.o
    0x08003d14   0x08003d14   0x0000007a   Data   RO          368    .conststring        app_esp8266.o
    0x08003d8e   0x08003d8e   0x00000002   PAD
    0x08003d90   0x08003d90   0x00000020   Data   RO         3748    Region$$Table       anon$$obj.o


    Execution Region RW_IRAM1 (Exec base: 0x20000000, Load base: 0x08003db0, Size: 0x00000d70, Max: 0x00020000, ABSOLUTE)

    Exec Addr    Load Addr    Size         Type   Attr      Idx    E Section Name        Object

    0x20000000   0x08003db0   0x00000010   Data   RW          752    .data               stm32f4xx_rcc.o
    0x20000010   0x08003dc0   0x00000089   Data   RW         2696    .data               latticeled.o
    0x20000099   0x08003e49   0x00000001   PAD
    0x2000009a   0x08003e4a   0x00000004   Data   RW         2856    .data               usart2.o
    0x2000009e   0x08003e4e   0x00000002   Data   RW         2902    .data               usart3.o
    0x200000a0   0x08003e50   0x00000003   Data   RW         2967    .data               usart4.o
    0x200000a3   0x08003e53   0x00000001   PAD
    0x200000a4   0x08003e54   0x00000002   Data   RW         3017    .data               usart5.o
    0x200000a6   0x08003e56   0x00000008   Data   RW         3137    .data               gy95t.o
    0x200000ae   0x08003e5e   0x00000002   PAD
    0x200000b0   0x08003e60   0x00000018   Data   RW         3211    .data               hc-sr04.o
    0x200000c8   0x08003e78   0x00000024   Data   RW         3281    .data               hx711.o
    0x200000ec   0x08003e9c   0x0000000c   Data   RW         3334    .data               radar.o
    0x200000f8   0x08003ea8   0x00000008   Data   RW         3390    .data               delay.o
    0x20000100   0x08003eb0   0x00000004   Data   RW         3722    .data               mc_w.l(stdout.o)
    0x20000104        -       0x00000024   Zero   RW          166    .bss                app_context.o
    0x20000128        -       0x00000200   Zero   RW         2855    .bss                usart2.o
    0x20000328        -       0x00000200   Zero   RW         2901    .bss                usart3.o
    0x20000528        -       0x0000008c   Zero   RW         2966    .bss                usart4.o
    0x200005b4        -       0x00000200   Zero   RW         3016    .bss                usart5.o
    0x200007b4        -       0x0000001b   Zero   RW         3136    .bss                gy95t.o
    0x200007cf   0x08003eb4   0x00000001   PAD
    0x200007d0        -       0x000001a0   Zero   RW         3333    .bss                radar.o
    0x20000970        -       0x00000400   Zero   RW          548    STACK               startup_stm32f40_41xxx.o


==============================================================================

Image component sizes


      Code (inc. data)   RO Data    RW Data    ZI Data      Debug   Object Name

       510        248          0          0          0       2626   4gtx.o
       256        128          0          0          0       1209   app_alarm.o
         0          0          0          0         36       1084   app_context.o
       864        562        122          0          0       4168   app_esp8266.o
       968        684          0          0          0       1121   app_init.o
      1060        292        169          0          0       5343   app_sensor_fusion.o
       156         12         68          0          0        700   app_upload.o
       180         22          0          8          0       2745   delay.o
       378         50          0          8         27       4932   gy95t.o
      1172         88          0         24          0       7044   hc-sr04.o
       876         56          0         36          0       4607   hx711.o
       924         58          0        137          0      11270   latticeled.o
        32          0          0          0          0     284359   main.o
       120         14          0          0          0       1495   misc.o
       336         24          0         12        416       3200   radar.o
        36          8        392          0       1024        816   startup_stm32f40_41xxx.o
       144         14          0          0          0       2120   stm32f4xx_exti.o
       174          0          0          0          0       3423   stm32f4xx_gpio.o
        12          0          0          0          0       2725   stm32f4xx_it.o
       216         30          0         16          0       4615   stm32f4xx_rcc.o
        48          6          0          0          0        656   stm32f4xx_syscfg.o
       204         28          0          0          0       6231   stm32f4xx_tim.o
       344          8          0          0          0       6111   stm32f4xx_usart.o
       272         36          0          0          0       1513   system_stm32f4xx.o
       188         16          0          0          0       2170   usart1.o
       364         32          0          4        512       3302   usart2.o
       404         46          0          2        512       4917   usart3.o
       304         24          0          3        140       2264   usart4.o
       326         32          0          2        512       3153   usart5.o
       272         14          0          0          0       3630   usart6.o

    ----------------------------------------------------------------------
     11156       2532        788        256       3180     383549   Object Totals
         0          0         32          0          0          0   (incl. Generated)
        16          0          5          4          1          0   (incl. Padding)

    ----------------------------------------------------------------------

      Code (inc. data)   RO Data    RW Data    ZI Data      Debug   Library Member Name

         0          0          0          0          0          0   entry.o
         0          0          0          0          0          0   entry10a.o
         0          0          0          0          0          0   entry11a.o
         8          4          0          0          0          0   entry2.o
         4          0          0          0          0          0   entry5.o
         0          0          0          0          0          0   entry7b.o
         0          0          0          0          0          0   entry8b.o
         8          4          0          0          0          0   entry9a.o
        30          0          0          0          0          0   handlers.o
        36          8          0          0          0         68   init.o
         0          0          0          0          0          0   iusefp.o
        30          0          0          0          0         68   llshl.o
        36          0          0          0          0         68   llsshr.o
        32          0          0          0          0         68   llushr.o
        36          0          0          0          0         68   memcpya.o
        36          0          0          0          0        108   memseta.o
      2308         96          0          0          0        604   printfa.o
         0          0          0          4          0          0   stdout.o
        36          0          0          0          0         80   strstr.o
        44          0          0          0          0         80   uidiv.o
        98          0          0          0          0         92   uldiv.o
        48          0          0          0          0         68   cdrcmple.o
       334          0          0          0          0        148   dadd.o
       222          0          0          0          0        100   ddiv.o
       186          0          0          0          0        176   depilogue.o
        48          0          0          0          0         68   dfixul.o
       228          0          0          0          0         96   dmul.o
        38          0          0          0          0         68   f2d.o

    ----------------------------------------------------------------------
      3848        112          0          4          0       2028   Library Totals
         2          0          0          0          0          0   (incl. Padding)

    ----------------------------------------------------------------------

      Code (inc. data)   RO Data    RW Data    ZI Data      Debug   Library Name

      2742        112          0          4          0       1304   mc_w.l
      1104          0          0          0          0        724   mf_w.l

    ----------------------------------------------------------------------
      3848        112          0          4          0       2028   Library Totals

    ----------------------------------------------------------------------

==============================================================================


      Code (inc. data)   RO Data    RW Data    ZI Data      Debug   

     15004       2644        788        260       3180     372441   Grand Totals
     15004       2644        788        260       3180     372441   ELF Image Totals
     15004       2644        788        260          0          0   ROM Totals

==============================================================================

    Total RO  Size (Code + RO Data)                15792 (  15.42kB)
    Total RW  Size (RW Data + ZI Data)              3440 (   3.36kB)
    Total ROM Size (Code + RO Data + RW Data)      16052 (  15.68kB)

==============================================================================

